<?xml version="1.0" encoding="ISO-8859-1" ?>
<link_info>
   <banner>TMS320C2000 Linker PC v22.6.0.LTS</banner>
   <copyright>Copyright (c) 1996-2018 Texas Instruments Incorporated</copyright>
   <link_time>0x6841d1d8</link_time>
   <link_errors>0x0</link_errors>
   <output_file>ARTIGO2_DIST.out</output_file>
   <entry_point>
      <name>_c_int00</name>
      <address>0x8fa3</address>
   </entry_point>
   <input_file_list>
      <input_file id="fl-2">
         <path>.\</path>
         <kind>object</kind>
         <file>F2837xD_Adc.obj</file>
         <name>F2837xD_Adc.obj</name>
      </input_file>
      <input_file id="fl-3">
         <path>.\</path>
         <kind>object</kind>
         <file>F2837xD_CodeStartBranch.obj</file>
         <name>F2837xD_CodeStartBranch.obj</name>
      </input_file>
      <input_file id="fl-4">
         <path>.\</path>
         <kind>object</kind>
         <file>F2837xD_DefaultISR.obj</file>
         <name>F2837xD_DefaultISR.obj</name>
      </input_file>
      <input_file id="fl-5">
         <path>.\</path>
         <kind>object</kind>
         <file>F2837xD_EPwm.obj</file>
         <name>F2837xD_EPwm.obj</name>
      </input_file>
      <input_file id="fl-6">
         <path>.\</path>
         <kind>object</kind>
         <file>F2837xD_GlobalVariableDefs.obj</file>
         <name>F2837xD_GlobalVariableDefs.obj</name>
      </input_file>
      <input_file id="fl-7">
         <path>.\</path>
         <kind>object</kind>
         <file>F2837xD_Gpio.obj</file>
         <name>F2837xD_Gpio.obj</name>
      </input_file>
      <input_file id="fl-8">
         <path>.\</path>
         <kind>object</kind>
         <file>F2837xD_PieCtrl.obj</file>
         <name>F2837xD_PieCtrl.obj</name>
      </input_file>
      <input_file id="fl-9">
         <path>.\</path>
         <kind>object</kind>
         <file>F2837xD_PieVect.obj</file>
         <name>F2837xD_PieVect.obj</name>
      </input_file>
      <input_file id="fl-a">
         <path>.\</path>
         <kind>object</kind>
         <file>F2837xD_SysCtrl.obj</file>
         <name>F2837xD_SysCtrl.obj</name>
      </input_file>
      <input_file id="fl-b">
         <path>.\</path>
         <kind>object</kind>
         <file>F2837xD_usDelay.obj</file>
         <name>F2837xD_usDelay.obj</name>
      </input_file>
      <input_file id="fl-c">
         <path>.\</path>
         <kind>object</kind>
         <file>Peripherals.obj</file>
         <name>Peripherals.obj</name>
      </input_file>
      <input_file id="fl-d">
         <path>.\</path>
         <kind>object</kind>
         <file>Utils.obj</file>
         <name>Utils.obj</name>
      </input_file>
      <input_file id="fl-e">
         <path>.\</path>
         <kind>object</kind>
         <file>main.obj</file>
         <name>main.obj</name>
      </input_file>
      <input_file id="fl-f">
         <path>.\</path>
         <kind>object</kind>
         <file>stateMachine.obj</file>
         <name>stateMachine.obj</name>
      </input_file>
      <input_file id="fl-14">
         <kind>object</kind>
         <file>&lt;internal&gt;</file>
         <name>&lt;internal&gt;</name>
      </input_file>
      <input_file id="fl-20">
         <path>C:\ti\ccs1230\ccs\tools\compiler\ti-cgt-c2000_22.6.0.LTS\lib\</path>
         <kind>archive</kind>
         <file>rts2800_fpu32.lib</file>
         <name>s_cosf.c.obj</name>
      </input_file>
      <input_file id="fl-21">
         <path>C:\ti\ccs1230\ccs\tools\compiler\ti-cgt-c2000_22.6.0.LTS\lib\</path>
         <kind>archive</kind>
         <file>rts2800_fpu32.lib</file>
         <name>s_sinf.c.obj</name>
      </input_file>
      <input_file id="fl-22">
         <path>C:\ti\ccs1230\ccs\tools\compiler\ti-cgt-c2000_22.6.0.LTS\lib\</path>
         <kind>archive</kind>
         <file>rts2800_fpu32.lib</file>
         <name>boot28.asm.obj</name>
      </input_file>
      <input_file id="fl-23">
         <path>C:\ti\ccs1230\ccs\tools\compiler\ti-cgt-c2000_22.6.0.LTS\lib\</path>
         <kind>archive</kind>
         <file>rts2800_fpu32.lib</file>
         <name>fs_div28.asm.obj</name>
      </input_file>
      <input_file id="fl-24">
         <path>C:\ti\ccs1230\ccs\tools\compiler\ti-cgt-c2000_22.6.0.LTS\lib\</path>
         <kind>archive</kind>
         <file>rts2800_fpu32.lib</file>
         <name>cpy_tbl.c.obj</name>
      </input_file>
      <input_file id="fl-25">
         <path>C:\ti\ccs1230\ccs\tools\compiler\ti-cgt-c2000_22.6.0.LTS\lib\</path>
         <kind>archive</kind>
         <file>rts2800_fpu32.lib</file>
         <name>memcpy.c.obj</name>
      </input_file>
      <input_file id="fl-26">
         <path>C:\ti\ccs1230\ccs\tools\compiler\ti-cgt-c2000_22.6.0.LTS\lib\</path>
         <kind>archive</kind>
         <file>rts2800_fpu32.lib</file>
         <name>pre_init.c.obj</name>
      </input_file>
      <input_file id="fl-27">
         <path>C:\ti\ccs1230\ccs\tools\compiler\ti-cgt-c2000_22.6.0.LTS\lib\</path>
         <kind>archive</kind>
         <file>rts2800_fpu32.lib</file>
         <name>startup.c.obj</name>
      </input_file>
      <input_file id="fl-28">
         <path>C:\ti\ccs1230\ccs\tools\compiler\ti-cgt-c2000_22.6.0.LTS\lib\</path>
         <kind>archive</kind>
         <file>rts2800_fpu32.lib</file>
         <name>exit.c.obj</name>
      </input_file>
      <input_file id="fl-29">
         <path>C:\ti\ccs1230\ccs\tools\compiler\ti-cgt-c2000_22.6.0.LTS\lib\</path>
         <kind>archive</kind>
         <file>rts2800_fpu32.lib</file>
         <name>_lock.c.obj</name>
      </input_file>
      <input_file id="fl-2a">
         <path>C:\ti\ccs1230\ccs\tools\compiler\ti-cgt-c2000_22.6.0.LTS\lib\</path>
         <kind>archive</kind>
         <file>rts2800_fpu32.lib</file>
         <name>args_main.c.obj</name>
      </input_file>
   </input_file_list>
   <object_component_list>
      <object_component id="oc-99">
         <name>codestart</name>
         <load_address>0x0</load_address>
         <run_address>0x0</run_address>
         <size>0x2</size>
         <input_file_ref idref="fl-3"/>
      </object_component>
      <object_component id="oc-197">
         <name>.text</name>
         <load_address>0x8000</load_address>
         <run_address>0x8000</run_address>
         <size>0x4ab</size>
         <input_file_ref idref="fl-a"/>
      </object_component>
      <object_component id="oc-198">
         <name>.text</name>
         <load_address>0x84ab</load_address>
         <run_address>0x84ab</run_address>
         <size>0x244</size>
         <input_file_ref idref="fl-7"/>
      </object_component>
      <object_component id="oc-199">
         <name>.text</name>
         <load_address>0x86ef</load_address>
         <run_address>0x86ef</run_address>
         <size>0xfd</size>
         <input_file_ref idref="fl-5"/>
      </object_component>
      <object_component id="oc-186">
         <name>.text</name>
         <load_address>0x87ec</load_address>
         <run_address>0x87ec</run_address>
         <size>0x12</size>
         <input_file_ref idref="fl-2a"/>
      </object_component>
      <object_component id="oc-183">
         <name>.text</name>
         <load_address>0x87fe</load_address>
         <run_address>0x87fe</run_address>
         <size>0x2</size>
         <input_file_ref idref="fl-26"/>
      </object_component>
      <object_component id="oc-13f">
         <name>.text:retain</name>
         <load_address>0x8800</load_address>
         <run_address>0x8800</run_address>
         <size>0x3cb</size>
         <input_file_ref idref="fl-e"/>
      </object_component>
      <object_component id="oc-19a">
         <name>.text</name>
         <load_address>0x8bcb</load_address>
         <run_address>0x8bcb</run_address>
         <size>0x1fa</size>
         <input_file_ref idref="fl-c"/>
      </object_component>
      <object_component id="oc-1a0">
         <name>.text</name>
         <load_address>0x8dc5</load_address>
         <run_address>0x8dc5</run_address>
         <size>0xf0</size>
         <input_file_ref idref="fl-2"/>
      </object_component>
      <object_component id="oc-159">
         <name>.text</name>
         <load_address>0x8eb5</load_address>
         <run_address>0x8eb5</run_address>
         <size>0x88</size>
         <input_file_ref idref="fl-23"/>
      </object_component>
      <object_component id="oc-196">
         <name>.text</name>
         <load_address>0x8f3d</load_address>
         <run_address>0x8f3d</run_address>
         <size>0x66</size>
         <input_file_ref idref="fl-21"/>
      </object_component>
      <object_component id="oc-92">
         <name>.text</name>
         <load_address>0x8fa3</load_address>
         <run_address>0x8fa3</run_address>
         <size>0x56</size>
         <input_file_ref idref="fl-22"/>
      </object_component>
      <object_component id="oc-185">
         <name>.text</name>
         <load_address>0x8ff9</load_address>
         <run_address>0x8ff9</run_address>
         <size>0x1</size>
         <input_file_ref idref="fl-27"/>
      </object_component>
      <object_component id="oc-191">
         <name>.text</name>
         <load_address>0x9000</load_address>
         <run_address>0x9000</run_address>
         <size>0x63</size>
         <input_file_ref idref="fl-20"/>
      </object_component>
      <object_component id="oc-193">
         <name>.text</name>
         <load_address>0x9063</load_address>
         <run_address>0x9063</run_address>
         <size>0x5f</size>
         <input_file_ref idref="fl-e"/>
      </object_component>
      <object_component id="oc-19b">
         <name>.text</name>
         <load_address>0x90c2</load_address>
         <run_address>0x90c2</run_address>
         <size>0x3f</size>
         <input_file_ref idref="fl-f"/>
      </object_component>
      <object_component id="oc-19c">
         <name>.text</name>
         <load_address>0x9101</load_address>
         <run_address>0x9101</run_address>
         <size>0x28</size>
         <input_file_ref idref="fl-8"/>
      </object_component>
      <object_component id="oc-19d">
         <name>.text</name>
         <load_address>0x9129</load_address>
         <run_address>0x9129</run_address>
         <size>0x26</size>
         <input_file_ref idref="fl-9"/>
      </object_component>
      <object_component id="oc-184">
         <name>.text</name>
         <load_address>0x914f</load_address>
         <run_address>0x914f</run_address>
         <size>0x24</size>
         <input_file_ref idref="fl-24"/>
      </object_component>
      <object_component id="oc-192">
         <name>.text</name>
         <load_address>0x9173</load_address>
         <run_address>0x9173</run_address>
         <size>0x1d</size>
         <input_file_ref idref="fl-25"/>
      </object_component>
      <object_component id="oc-19e">
         <name>.text</name>
         <load_address>0x9190</load_address>
         <run_address>0x9190</run_address>
         <size>0x9</size>
         <input_file_ref idref="fl-29"/>
      </object_component>
      <object_component id="oc-9f">
         <name>.text:retain</name>
         <load_address>0xb000</load_address>
         <run_address>0xb000</run_address>
         <size>0x585</size>
         <input_file_ref idref="fl-4"/>
      </object_component>
      <object_component id="oc-188">
         <name>.text</name>
         <load_address>0xb585</load_address>
         <run_address>0xb585</run_address>
         <size>0x24a</size>
         <input_file_ref idref="fl-d"/>
      </object_component>
      <object_component id="oc-187">
         <name>.text</name>
         <load_address>0xb7cf</load_address>
         <run_address>0xb7cf</run_address>
         <size>0x29</size>
         <input_file_ref idref="fl-28"/>
      </object_component>
      <object_component id="oc-98">
         <name>.text</name>
         <load_address>0xb7f8</load_address>
         <run_address>0xb7f8</run_address>
         <size>0x8</size>
         <input_file_ref idref="fl-3"/>
      </object_component>
      <object_component id="oc-13d">
         <name>.cinit</name>
         <load_address>0x123</load_address>
         <run_address>0x123</run_address>
         <size>0x1ca</size>
         <input_file_ref idref="fl-e"/>
      </object_component>
      <object_component id="oc-136">
         <name>.cinit</name>
         <load_address>0x2ed</load_address>
         <run_address>0x2ed</run_address>
         <size>0x1e</size>
         <input_file_ref idref="fl-d"/>
      </object_component>
      <object_component id="oc-18e">
         <name>.cinit:_F</name>
         <load_address>0x30b</load_address>
         <run_address>0x30b</run_address>
         <size>0x15</size>
         <input_file_ref idref="fl-e"/>
      </object_component>
      <object_component id="oc-173">
         <name>.cinit</name>
         <load_address>0x320</load_address>
         <run_address>0x320</run_address>
         <size>0xe</size>
         <input_file_ref idref="fl-28"/>
      </object_component>
      <object_component id="oc-190">
         <name>.cinit:_H</name>
         <load_address>0x32e</load_address>
         <run_address>0x32e</run_address>
         <size>0x9</size>
         <input_file_ref idref="fl-e"/>
      </object_component>
      <object_component id="oc-18c">
         <name>.cinit:_K</name>
         <load_address>0x337</load_address>
         <run_address>0x337</run_address>
         <size>0x9</size>
         <input_file_ref idref="fl-e"/>
      </object_component>
      <object_component id="oc-18a">
         <name>.cinit:_TB</name>
         <load_address>0x340</load_address>
         <run_address>0x340</run_address>
         <size>0x9</size>
         <input_file_ref idref="fl-e"/>
      </object_component>
      <object_component id="oc-195">
         <name>.cinit:__lock</name>
         <load_address>0x349</load_address>
         <run_address>0x349</run_address>
         <size>0x5</size>
         <input_file_ref idref="fl-29"/>
      </object_component>
      <object_component id="oc-19f">
         <name>.cinit:__unlock</name>
         <load_address>0x34e</load_address>
         <run_address>0x34e</run_address>
         <size>0x5</size>
         <input_file_ref idref="fl-29"/>
      </object_component>
      <object_component id="oc-154">
         <name>.reset</name>
         <load_address>0x3fffc0</load_address>
         <run_address>0x3fffc0</run_address>
         <size>0x2</size>
         <input_file_ref idref="fl-22"/>
      </object_component>
      <object_component id="oc-153">
         <name>.stack</name>
         <uninitialized>true</uninitialized>
         <run_address>0x400</run_address>
         <size>0x0</size>
         <input_file_ref idref="fl-22"/>
      </object_component>
      <object_component id="oc-23a">
         <name>.stack</name>
         <uninitialized>true</uninitialized>
         <run_address>0x400</run_address>
         <size>0x0</size>
      </object_component>
      <object_component id="oc-137">
         <name>.ebss</name>
         <uninitialized>true</uninitialized>
         <run_address>0xaa96</run_address>
         <size>0xc</size>
         <input_file_ref idref="fl-d"/>
      </object_component>
      <object_component id="oc-13e">
         <name>.ebss</name>
         <uninitialized>true</uninitialized>
         <run_address>0xa9c0</run_address>
         <size>0xc4</size>
         <input_file_ref idref="fl-e"/>
      </object_component>
      <object_component id="oc-189">
         <name>.ebss:_TB</name>
         <uninitialized>true</uninitialized>
         <run_address>0xaaae</run_address>
         <size>0x6</size>
         <input_file_ref idref="fl-e"/>
      </object_component>
      <object_component id="oc-18f">
         <name>.ebss:_H</name>
         <uninitialized>true</uninitialized>
         <run_address>0xaaa2</run_address>
         <size>0x6</size>
         <input_file_ref idref="fl-e"/>
      </object_component>
      <object_component id="oc-18b">
         <name>.ebss:_K</name>
         <uninitialized>true</uninitialized>
         <run_address>0xaaa8</run_address>
         <size>0x6</size>
         <input_file_ref idref="fl-e"/>
      </object_component>
      <object_component id="oc-18d">
         <name>.ebss:_F</name>
         <uninitialized>true</uninitialized>
         <run_address>0xaa84</run_address>
         <size>0x12</size>
         <input_file_ref idref="fl-e"/>
      </object_component>
      <object_component id="oc-174">
         <name>.ebss</name>
         <uninitialized>true</uninitialized>
         <run_address>0xaab4</run_address>
         <size>0x6</size>
         <input_file_ref idref="fl-28"/>
      </object_component>
      <object_component id="oc-194">
         <name>.ebss:__lock</name>
         <uninitialized>true</uninitialized>
         <run_address>0xaaba</run_address>
         <size>0x2</size>
         <input_file_ref idref="fl-29"/>
      </object_component>
      <object_component id="oc-1a2">
         <name>.ebss:__unlock</name>
         <uninitialized>true</uninitialized>
         <run_address>0xaabc</run_address>
         <size>0x2</size>
         <input_file_ref idref="fl-29"/>
      </object_component>
      <object_component id="oc-1a1">
         <name>.econst:_PieVectTableInit</name>
         <load_address>0xa800</load_address>
         <run_address>0xa800</run_address>
         <size>0x1c0</size>
         <input_file_ref idref="fl-9"/>
      </object_component>
      <object_component id="oc-12b">
         <name>.TI.ramfunc</name>
         <load_address>0x355</load_address>
         <run_address>0x355</run_address>
         <size>0x4</size>
         <input_file_ref idref="fl-b"/>
      </object_component>
      <object_component id="oc-115">
         <name>PieVectTableFile</name>
         <uninitialized>true</uninitialized>
         <run_address>0xd00</run_address>
         <size>0x1c0</size>
         <input_file_ref idref="fl-6"/>
      </object_component>
      <object_component id="oc-e5">
         <name>AccessProtectionRegsFile</name>
         <uninitialized>true</uninitialized>
         <run_address>0x5f4c0</run_address>
         <size>0x2e</size>
         <input_file_ref idref="fl-6"/>
      </object_component>
      <object_component id="oc-fa">
         <name>AdcaRegsFile</name>
         <uninitialized>true</uninitialized>
         <run_address>0x7400</run_address>
         <size>0x7c</size>
         <input_file_ref idref="fl-6"/>
      </object_component>
      <object_component id="oc-fb">
         <name>AdcbRegsFile</name>
         <uninitialized>true</uninitialized>
         <run_address>0x7480</run_address>
         <size>0x7c</size>
         <input_file_ref idref="fl-6"/>
      </object_component>
      <object_component id="oc-fc">
         <name>AdccRegsFile</name>
         <uninitialized>true</uninitialized>
         <run_address>0x7500</run_address>
         <size>0x7c</size>
         <input_file_ref idref="fl-6"/>
      </object_component>
      <object_component id="oc-fd">
         <name>AdcdRegsFile</name>
         <uninitialized>true</uninitialized>
         <run_address>0x7580</run_address>
         <size>0x7c</size>
         <input_file_ref idref="fl-6"/>
      </object_component>
      <object_component id="oc-c2">
         <name>AdcaResultRegsFile</name>
         <uninitialized>true</uninitialized>
         <run_address>0xb00</run_address>
         <size>0x18</size>
         <input_file_ref idref="fl-6"/>
      </object_component>
      <object_component id="oc-c3">
         <name>AdcbResultRegsFile</name>
         <uninitialized>true</uninitialized>
         <run_address>0xb20</run_address>
         <size>0x18</size>
         <input_file_ref idref="fl-6"/>
      </object_component>
      <object_component id="oc-c4">
         <name>AdccResultRegsFile</name>
         <uninitialized>true</uninitialized>
         <run_address>0xb40</run_address>
         <size>0x18</size>
         <input_file_ref idref="fl-6"/>
      </object_component>
      <object_component id="oc-c5">
         <name>AdcdResultRegsFile</name>
         <uninitialized>true</uninitialized>
         <run_address>0xb60</run_address>
         <size>0x18</size>
         <input_file_ref idref="fl-6"/>
      </object_component>
      <object_component id="oc-e9">
         <name>AnalogSubsysRegsFile</name>
         <uninitialized>true</uninitialized>
         <run_address>0x5d180</run_address>
         <size>0x3e</size>
         <input_file_ref idref="fl-6"/>
      </object_component>
      <object_component id="oc-111">
         <name>CanaRegsFile</name>
         <uninitialized>true</uninitialized>
         <run_address>0x48000</run_address>
         <size>0x164</size>
         <input_file_ref idref="fl-6"/>
      </object_component>
      <object_component id="oc-112">
         <name>CanbRegsFile</name>
         <uninitialized>true</uninitialized>
         <run_address>0x4a000</run_address>
         <size>0x164</size>
         <input_file_ref idref="fl-6"/>
      </object_component>
      <object_component id="oc-ea">
         <name>Cla1RegsFile</name>
         <uninitialized>true</uninitialized>
         <run_address>0x1400</run_address>
         <size>0x3e</size>
         <input_file_ref idref="fl-6"/>
      </object_component>
      <object_component id="oc-10c">
         <name>Clb1DataExchRegsFile</name>
         <uninitialized>true</uninitialized>
         <run_address>0x3200</run_address>
         <size>0x108</size>
         <input_file_ref idref="fl-6"/>
      </object_component>
      <object_component id="oc-10d">
         <name>Clb2DataExchRegsFile</name>
         <uninitialized>true</uninitialized>
         <run_address>0x3600</run_address>
         <size>0x108</size>
         <input_file_ref idref="fl-6"/>
      </object_component>
      <object_component id="oc-10e">
         <name>Clb3DataExchRegsFile</name>
         <uninitialized>true</uninitialized>
         <run_address>0x3a00</run_address>
         <size>0x108</size>
         <input_file_ref idref="fl-6"/>
      </object_component>
      <object_component id="oc-10f">
         <name>Clb4DataExchRegsFile</name>
         <uninitialized>true</uninitialized>
         <run_address>0x3e00</run_address>
         <size>0x108</size>
         <input_file_ref idref="fl-6"/>
      </object_component>
      <object_component id="oc-eb">
         <name>Clb1LogicCfgRegsFile</name>
         <uninitialized>true</uninitialized>
         <run_address>0x3000</run_address>
         <size>0x3e</size>
         <input_file_ref idref="fl-6"/>
      </object_component>
      <object_component id="oc-ec">
         <name>Clb2LogicCfgRegsFile</name>
         <uninitialized>true</uninitialized>
         <run_address>0x3400</run_address>
         <size>0x3e</size>
         <input_file_ref idref="fl-6"/>
      </object_component>
      <object_component id="oc-ed">
         <name>Clb3LogicCfgRegsFile</name>
         <uninitialized>true</uninitialized>
         <run_address>0x3800</run_address>
         <size>0x3e</size>
         <input_file_ref idref="fl-6"/>
      </object_component>
      <object_component id="oc-ee">
         <name>Clb4LogicCfgRegsFile</name>
         <uninitialized>true</uninitialized>
         <run_address>0x3c00</run_address>
         <size>0x3e</size>
         <input_file_ref idref="fl-6"/>
      </object_component>
      <object_component id="oc-ef">
         <name>Clb1LogicCtrlRegsFile</name>
         <uninitialized>true</uninitialized>
         <run_address>0x3100</run_address>
         <size>0x40</size>
         <input_file_ref idref="fl-6"/>
      </object_component>
      <object_component id="oc-f0">
         <name>Clb2LogicCtrlRegsFile</name>
         <uninitialized>true</uninitialized>
         <run_address>0x3500</run_address>
         <size>0x40</size>
         <input_file_ref idref="fl-6"/>
      </object_component>
      <object_component id="oc-f1">
         <name>Clb3LogicCtrlRegsFile</name>
         <uninitialized>true</uninitialized>
         <run_address>0x3900</run_address>
         <size>0x40</size>
         <input_file_ref idref="fl-6"/>
      </object_component>
      <object_component id="oc-f2">
         <name>Clb4LogicCtrlRegsFile</name>
         <uninitialized>true</uninitialized>
         <run_address>0x3d00</run_address>
         <size>0x40</size>
         <input_file_ref idref="fl-6"/>
      </object_component>
      <object_component id="oc-f3">
         <name>ClbXbarRegsFile</name>
         <uninitialized>true</uninitialized>
         <run_address>0x7a40</run_address>
         <size>0x40</size>
         <input_file_ref idref="fl-6"/>
      </object_component>
      <object_component id="oc-e7">
         <name>ClkCfgRegsFile</name>
         <uninitialized>true</uninitialized>
         <run_address>0x5d200</run_address>
         <size>0x32</size>
         <input_file_ref idref="fl-6"/>
      </object_component>
      <object_component id="oc-ce">
         <name>Cmpss1RegsFile</name>
         <uninitialized>true</uninitialized>
         <run_address>0x5c80</run_address>
         <size>0x1b</size>
         <input_file_ref idref="fl-6"/>
      </object_component>
      <object_component id="oc-cf">
         <name>Cmpss2RegsFile</name>
         <uninitialized>true</uninitialized>
         <run_address>0x5ca0</run_address>
         <size>0x1b</size>
         <input_file_ref idref="fl-6"/>
      </object_component>
      <object_component id="oc-d0">
         <name>Cmpss3RegsFile</name>
         <uninitialized>true</uninitialized>
         <run_address>0x5cc0</run_address>
         <size>0x1b</size>
         <input_file_ref idref="fl-6"/>
      </object_component>
      <object_component id="oc-d1">
         <name>Cmpss4RegsFile</name>
         <uninitialized>true</uninitialized>
         <run_address>0x5ce0</run_address>
         <size>0x1b</size>
         <input_file_ref idref="fl-6"/>
      </object_component>
      <object_component id="oc-d2">
         <name>Cmpss5RegsFile</name>
         <uninitialized>true</uninitialized>
         <run_address>0x5d00</run_address>
         <size>0x1b</size>
         <input_file_ref idref="fl-6"/>
      </object_component>
      <object_component id="oc-d3">
         <name>Cmpss6RegsFile</name>
         <uninitialized>true</uninitialized>
         <run_address>0x5d20</run_address>
         <size>0x1b</size>
         <input_file_ref idref="fl-6"/>
      </object_component>
      <object_component id="oc-d4">
         <name>Cmpss7RegsFile</name>
         <uninitialized>true</uninitialized>
         <run_address>0x5d40</run_address>
         <size>0x1b</size>
         <input_file_ref idref="fl-6"/>
      </object_component>
      <object_component id="oc-d5">
         <name>Cmpss8RegsFile</name>
         <uninitialized>true</uninitialized>
         <run_address>0x5d60</run_address>
         <size>0x1b</size>
         <input_file_ref idref="fl-6"/>
      </object_component>
      <object_component id="oc-b3">
         <name>CpuTimer0RegsFile</name>
         <uninitialized>true</uninitialized>
         <run_address>0xc00</run_address>
         <size>0x8</size>
         <input_file_ref idref="fl-6"/>
      </object_component>
      <object_component id="oc-b4">
         <name>CpuTimer1RegsFile</name>
         <uninitialized>true</uninitialized>
         <run_address>0xc08</run_address>
         <size>0x8</size>
         <input_file_ref idref="fl-6"/>
      </object_component>
      <object_component id="oc-b5">
         <name>CpuTimer2RegsFile</name>
         <uninitialized>true</uninitialized>
         <run_address>0xc10</run_address>
         <size>0x8</size>
         <input_file_ref idref="fl-6"/>
      </object_component>
      <object_component id="oc-fe">
         <name>CpuSysRegsFile</name>
         <uninitialized>true</uninitialized>
         <run_address>0x5d300</run_address>
         <size>0x82</size>
         <input_file_ref idref="fl-6"/>
      </object_component>
      <object_component id="oc-af">
         <name>DacaRegsFile</name>
         <uninitialized>true</uninitialized>
         <run_address>0x5c00</run_address>
         <size>0x7</size>
         <input_file_ref idref="fl-6"/>
      </object_component>
      <object_component id="oc-b0">
         <name>DacbRegsFile</name>
         <uninitialized>true</uninitialized>
         <run_address>0x5c10</run_address>
         <size>0x7</size>
         <input_file_ref idref="fl-6"/>
      </object_component>
      <object_component id="oc-b1">
         <name>DaccRegsFile</name>
         <uninitialized>true</uninitialized>
         <run_address>0x5c20</run_address>
         <size>0x7</size>
         <input_file_ref idref="fl-6"/>
      </object_component>
      <object_component id="oc-ad">
         <name>DcsmCommonRegsFile</name>
         <uninitialized>true</uninitialized>
         <run_address>0x5f070</run_address>
         <size>0x6</size>
         <input_file_ref idref="fl-6"/>
      </object_component>
      <object_component id="oc-d7">
         <name>DcsmZ1RegsFile</name>
         <uninitialized>true</uninitialized>
         <run_address>0x5f000</run_address>
         <size>0x22</size>
         <input_file_ref idref="fl-6"/>
      </object_component>
      <object_component id="oc-d8">
         <name>DcsmZ2RegsFile</name>
         <uninitialized>true</uninitialized>
         <run_address>0x5f040</run_address>
         <size>0x22</size>
         <input_file_ref idref="fl-6"/>
      </object_component>
      <object_component id="oc-110">
         <name>DevCfgRegsFile</name>
         <uninitialized>true</uninitialized>
         <run_address>0x5d000</run_address>
         <size>0x12e</size>
         <input_file_ref idref="fl-6"/>
      </object_component>
      <object_component id="oc-c6">
         <name>DmaClaSrcSelRegsFile</name>
         <uninitialized>true</uninitialized>
         <run_address>0x7980</run_address>
         <size>0x1a</size>
         <input_file_ref idref="fl-6"/>
      </object_component>
      <object_component id="oc-ff">
         <name>DmaRegsFile</name>
         <uninitialized>true</uninitialized>
         <run_address>0x1000</run_address>
         <size>0xe0</size>
         <input_file_ref idref="fl-6"/>
      </object_component>
      <object_component id="oc-c7">
         <name>ECap1RegsFile</name>
         <uninitialized>true</uninitialized>
         <run_address>0x5000</run_address>
         <size>0x1a</size>
         <input_file_ref idref="fl-6"/>
      </object_component>
      <object_component id="oc-c8">
         <name>ECap2RegsFile</name>
         <uninitialized>true</uninitialized>
         <run_address>0x5020</run_address>
         <size>0x1a</size>
         <input_file_ref idref="fl-6"/>
      </object_component>
      <object_component id="oc-c9">
         <name>ECap3RegsFile</name>
         <uninitialized>true</uninitialized>
         <run_address>0x5040</run_address>
         <size>0x1a</size>
         <input_file_ref idref="fl-6"/>
      </object_component>
      <object_component id="oc-ca">
         <name>ECap4RegsFile</name>
         <uninitialized>true</uninitialized>
         <run_address>0x5060</run_address>
         <size>0x1a</size>
         <input_file_ref idref="fl-6"/>
      </object_component>
      <object_component id="oc-cb">
         <name>ECap5RegsFile</name>
         <uninitialized>true</uninitialized>
         <run_address>0x5080</run_address>
         <size>0x1a</size>
         <input_file_ref idref="fl-6"/>
      </object_component>
      <object_component id="oc-cc">
         <name>ECap6RegsFile</name>
         <uninitialized>true</uninitialized>
         <run_address>0x50a0</run_address>
         <size>0x1a</size>
         <input_file_ref idref="fl-6"/>
      </object_component>
      <object_component id="oc-b6">
         <name>Emif1ConfigRegsFile</name>
         <uninitialized>true</uninitialized>
         <run_address>0x5f480</run_address>
         <size>0xa</size>
         <input_file_ref idref="fl-6"/>
      </object_component>
      <object_component id="oc-b7">
         <name>Emif2ConfigRegsFile</name>
         <uninitialized>true</uninitialized>
         <run_address>0x5f4a0</run_address>
         <size>0xa</size>
         <input_file_ref idref="fl-6"/>
      </object_component>
      <object_component id="oc-e1">
         <name>Emif1RegsFile</name>
         <uninitialized>true</uninitialized>
         <run_address>0x47000</run_address>
         <size>0x28</size>
         <input_file_ref idref="fl-6"/>
      </object_component>
      <object_component id="oc-e2">
         <name>Emif2RegsFile</name>
         <uninitialized>true</uninitialized>
         <run_address>0x47800</run_address>
         <size>0x28</size>
         <input_file_ref idref="fl-6"/>
      </object_component>
      <object_component id="oc-100">
         <name>EPwm1RegsFile</name>
         <uninitialized>true</uninitialized>
         <run_address>0x4000</run_address>
         <size>0x100</size>
         <input_file_ref idref="fl-6"/>
      </object_component>
      <object_component id="oc-101">
         <name>EPwm2RegsFile</name>
         <uninitialized>true</uninitialized>
         <run_address>0x4100</run_address>
         <size>0x100</size>
         <input_file_ref idref="fl-6"/>
      </object_component>
      <object_component id="oc-102">
         <name>EPwm3RegsFile</name>
         <uninitialized>true</uninitialized>
         <run_address>0x4200</run_address>
         <size>0x100</size>
         <input_file_ref idref="fl-6"/>
      </object_component>
      <object_component id="oc-103">
         <name>EPwm4RegsFile</name>
         <uninitialized>true</uninitialized>
         <run_address>0x4300</run_address>
         <size>0x100</size>
         <input_file_ref idref="fl-6"/>
      </object_component>
      <object_component id="oc-104">
         <name>EPwm5RegsFile</name>
         <uninitialized>true</uninitialized>
         <run_address>0x4400</run_address>
         <size>0x100</size>
         <input_file_ref idref="fl-6"/>
      </object_component>
      <object_component id="oc-105">
         <name>EPwm6RegsFile</name>
         <uninitialized>true</uninitialized>
         <run_address>0x4500</run_address>
         <size>0x100</size>
         <input_file_ref idref="fl-6"/>
      </object_component>
      <object_component id="oc-106">
         <name>EPwm7RegsFile</name>
         <uninitialized>true</uninitialized>
         <run_address>0x4600</run_address>
         <size>0x100</size>
         <input_file_ref idref="fl-6"/>
      </object_component>
      <object_component id="oc-107">
         <name>EPwm8RegsFile</name>
         <uninitialized>true</uninitialized>
         <run_address>0x4700</run_address>
         <size>0x100</size>
         <input_file_ref idref="fl-6"/>
      </object_component>
      <object_component id="oc-108">
         <name>EPwm9RegsFile</name>
         <uninitialized>true</uninitialized>
         <run_address>0x4800</run_address>
         <size>0x100</size>
         <input_file_ref idref="fl-6"/>
      </object_component>
      <object_component id="oc-109">
         <name>EPwm10RegsFile</name>
         <uninitialized>true</uninitialized>
         <run_address>0x4900</run_address>
         <size>0x100</size>
         <input_file_ref idref="fl-6"/>
      </object_component>
      <object_component id="oc-10a">
         <name>EPwm11RegsFile</name>
         <uninitialized>true</uninitialized>
         <run_address>0x4a00</run_address>
         <size>0x100</size>
         <input_file_ref idref="fl-6"/>
      </object_component>
      <object_component id="oc-10b">
         <name>EPwm12RegsFile</name>
         <uninitialized>true</uninitialized>
         <run_address>0x4b00</run_address>
         <size>0x100</size>
         <input_file_ref idref="fl-6"/>
      </object_component>
      <object_component id="oc-f4">
         <name>EPwmXbarRegsFile</name>
         <uninitialized>true</uninitialized>
         <run_address>0x7a00</run_address>
         <size>0x40</size>
         <input_file_ref idref="fl-6"/>
      </object_component>
      <object_component id="oc-d9">
         <name>EQep1RegsFile</name>
         <uninitialized>true</uninitialized>
         <run_address>0x5100</run_address>
         <size>0x22</size>
         <input_file_ref idref="fl-6"/>
      </object_component>
      <object_component id="oc-da">
         <name>EQep2RegsFile</name>
         <uninitialized>true</uninitialized>
         <run_address>0x5140</run_address>
         <size>0x22</size>
         <input_file_ref idref="fl-6"/>
      </object_component>
      <object_component id="oc-db">
         <name>EQep3RegsFile</name>
         <uninitialized>true</uninitialized>
         <run_address>0x5180</run_address>
         <size>0x22</size>
         <input_file_ref idref="fl-6"/>
      </object_component>
      <object_component id="oc-114">
         <name>Flash0CtrlRegsFile</name>
         <uninitialized>true</uninitialized>
         <run_address>0x5f800</run_address>
         <size>0x182</size>
         <input_file_ref idref="fl-6"/>
      </object_component>
      <object_component id="oc-e3">
         <name>Flash0EccRegsFile</name>
         <uninitialized>true</uninitialized>
         <run_address>0x5fb00</run_address>
         <size>0x28</size>
         <input_file_ref idref="fl-6"/>
      </object_component>
      <object_component id="oc-aa">
         <name>FlashPumpSemaphoreRegsFile</name>
         <uninitialized>true</uninitialized>
         <run_address>0x50024</run_address>
         <size>0x2</size>
         <input_file_ref idref="fl-6"/>
      </object_component>
      <object_component id="oc-113">
         <name>GpioCtrlRegsFile</name>
         <uninitialized>true</uninitialized>
         <run_address>0x7c00</run_address>
         <size>0x180</size>
         <input_file_ref idref="fl-6"/>
      </object_component>
      <object_component id="oc-e6">
         <name>GpioDataRegsFile</name>
         <uninitialized>true</uninitialized>
         <run_address>0x7f00</run_address>
         <size>0x30</size>
         <input_file_ref idref="fl-6"/>
      </object_component>
      <object_component id="oc-dc">
         <name>I2caRegsFile</name>
         <uninitialized>true</uninitialized>
         <run_address>0x7300</run_address>
         <size>0x22</size>
         <input_file_ref idref="fl-6"/>
      </object_component>
      <object_component id="oc-dd">
         <name>I2cbRegsFile</name>
         <uninitialized>true</uninitialized>
         <run_address>0x7340</run_address>
         <size>0x22</size>
         <input_file_ref idref="fl-6"/>
      </object_component>
      <object_component id="oc-d6">
         <name>InputXbarRegsFile</name>
         <uninitialized>true</uninitialized>
         <run_address>0x7900</run_address>
         <size>0x20</size>
         <input_file_ref idref="fl-6"/>
      </object_component>
      <object_component id="oc-de">
         <name>IpcRegsFile</name>
         <uninitialized>true</uninitialized>
         <run_address>0x50000</run_address>
         <size>0x24</size>
         <input_file_ref idref="fl-6"/>
      </object_component>
      <object_component id="oc-e8">
         <name>MemoryErrorRegsFile</name>
         <uninitialized>true</uninitialized>
         <run_address>0x5f500</run_address>
         <size>0x3a</size>
         <input_file_ref idref="fl-6"/>
      </object_component>
      <object_component id="oc-f9">
         <name>MemCfgRegsFile</name>
         <uninitialized>true</uninitialized>
         <run_address>0x5f400</run_address>
         <size>0x76</size>
         <input_file_ref idref="fl-6"/>
      </object_component>
      <object_component id="oc-df">
         <name>McbspaRegsFile</name>
         <uninitialized>true</uninitialized>
         <run_address>0x6000</run_address>
         <size>0x24</size>
         <input_file_ref idref="fl-6"/>
      </object_component>
      <object_component id="oc-e0">
         <name>McbspbRegsFile</name>
         <uninitialized>true</uninitialized>
         <run_address>0x6040</run_address>
         <size>0x24</size>
         <input_file_ref idref="fl-6"/>
      </object_component>
      <object_component id="oc-b2">
         <name>NmiIntruptRegsFile</name>
         <uninitialized>true</uninitialized>
         <run_address>0x7060</run_address>
         <size>0x7</size>
         <input_file_ref idref="fl-6"/>
      </object_component>
      <object_component id="oc-f5">
         <name>OutputXbarRegsFile</name>
         <uninitialized>true</uninitialized>
         <run_address>0x7a80</run_address>
         <size>0x40</size>
         <input_file_ref idref="fl-6"/>
      </object_component>
      <object_component id="oc-cd">
         <name>PieCtrlRegsFile</name>
         <uninitialized>true</uninitialized>
         <run_address>0xce0</run_address>
         <size>0x1a</size>
         <input_file_ref idref="fl-6"/>
      </object_component>
      <object_component id="oc-ab">
         <name>RomPrefetchRegsFile</name>
         <uninitialized>true</uninitialized>
         <run_address>0x5e608</run_address>
         <size>0x2</size>
         <input_file_ref idref="fl-6"/>
      </object_component>
      <object_component id="oc-ac">
         <name>RomWaitStateRegsFile</name>
         <uninitialized>true</uninitialized>
         <run_address>0x5f540</run_address>
         <size>0x2</size>
         <input_file_ref idref="fl-6"/>
      </object_component>
      <object_component id="oc-ba">
         <name>SciaRegsFile</name>
         <uninitialized>true</uninitialized>
         <run_address>0x7200</run_address>
         <size>0x10</size>
         <input_file_ref idref="fl-6"/>
      </object_component>
      <object_component id="oc-bb">
         <name>ScibRegsFile</name>
         <uninitialized>true</uninitialized>
         <run_address>0x7210</run_address>
         <size>0x10</size>
         <input_file_ref idref="fl-6"/>
      </object_component>
      <object_component id="oc-bc">
         <name>ScicRegsFile</name>
         <uninitialized>true</uninitialized>
         <run_address>0x7220</run_address>
         <size>0x10</size>
         <input_file_ref idref="fl-6"/>
      </object_component>
      <object_component id="oc-bd">
         <name>ScidRegsFile</name>
         <uninitialized>true</uninitialized>
         <run_address>0x7230</run_address>
         <size>0x10</size>
         <input_file_ref idref="fl-6"/>
      </object_component>
      <object_component id="oc-f6">
         <name>Sdfm1RegsFile</name>
         <uninitialized>true</uninitialized>
         <run_address>0x5e00</run_address>
         <size>0x48</size>
         <input_file_ref idref="fl-6"/>
      </object_component>
      <object_component id="oc-f7">
         <name>Sdfm2RegsFile</name>
         <uninitialized>true</uninitialized>
         <run_address>0x5e80</run_address>
         <size>0x48</size>
         <input_file_ref idref="fl-6"/>
      </object_component>
      <object_component id="oc-be">
         <name>SpiaRegsFile</name>
         <uninitialized>true</uninitialized>
         <run_address>0x6100</run_address>
         <size>0x10</size>
         <input_file_ref idref="fl-6"/>
      </object_component>
      <object_component id="oc-bf">
         <name>SpibRegsFile</name>
         <uninitialized>true</uninitialized>
         <run_address>0x6110</run_address>
         <size>0x10</size>
         <input_file_ref idref="fl-6"/>
      </object_component>
      <object_component id="oc-c0">
         <name>SpicRegsFile</name>
         <uninitialized>true</uninitialized>
         <run_address>0x6120</run_address>
         <size>0x10</size>
         <input_file_ref idref="fl-6"/>
      </object_component>
      <object_component id="oc-ae">
         <name>SyncSocRegsFile</name>
         <uninitialized>true</uninitialized>
         <run_address>0x7940</run_address>
         <size>0x6</size>
         <input_file_ref idref="fl-6"/>
      </object_component>
      <object_component id="oc-f8">
         <name>UppRegsFile</name>
         <uninitialized>true</uninitialized>
         <run_address>0x6200</run_address>
         <size>0x48</size>
         <input_file_ref idref="fl-6"/>
      </object_component>
      <object_component id="oc-e4">
         <name>WdRegsFile</name>
         <uninitialized>true</uninitialized>
         <run_address>0x7000</run_address>
         <size>0x2b</size>
         <input_file_ref idref="fl-6"/>
      </object_component>
      <object_component id="oc-c1">
         <name>UidRegsFile</name>
         <uninitialized>true</uninitialized>
         <run_address>0x703c0</run_address>
         <size>0x10</size>
         <input_file_ref idref="fl-6"/>
      </object_component>
      <object_component id="oc-b9">
         <name>XbarRegsFile</name>
         <uninitialized>true</uninitialized>
         <run_address>0x7920</run_address>
         <size>0xe</size>
         <input_file_ref idref="fl-6"/>
      </object_component>
      <object_component id="oc-b8">
         <name>XintRegsFile</name>
         <uninitialized>true</uninitialized>
         <run_address>0x7070</run_address>
         <size>0xb</size>
         <input_file_ref idref="fl-6"/>
      </object_component>
      <object_component id="oc-93">
         <name>.debug_info</name>
         <load_address>0x0</load_address>
         <run_address>0x0</run_address>
         <size>0x4883</size>
         <input_file_ref idref="fl-2"/>
      </object_component>
      <object_component id="oc-9b">
         <name>.debug_info</name>
         <load_address>0x4883</load_address>
         <run_address>0x4883</run_address>
         <size>0x11f</size>
         <input_file_ref idref="fl-3"/>
      </object_component>
      <object_component id="oc-9e">
         <name>.debug_info</name>
         <load_address>0x49a2</load_address>
         <run_address>0x49a2</run_address>
         <size>0x34d1</size>
         <input_file_ref idref="fl-4"/>
      </object_component>
      <object_component id="oc-a4">
         <name>.debug_info</name>
         <load_address>0x7e73</load_address>
         <run_address>0x7e73</run_address>
         <size>0xf976</size>
         <input_file_ref idref="fl-5"/>
      </object_component>
      <object_component id="oc-a9">
         <name>.debug_info</name>
         <load_address>0x177e9</load_address>
         <run_address>0x177e9</run_address>
         <size>0x57426</size>
         <input_file_ref idref="fl-6"/>
      </object_component>
      <object_component id="oc-117">
         <name>.debug_info</name>
         <load_address>0x6ec0f</load_address>
         <run_address>0x6ec0f</run_address>
         <size>0x19f58</size>
         <input_file_ref idref="fl-7"/>
      </object_component>
      <object_component id="oc-11c">
         <name>.debug_info</name>
         <load_address>0x88b67</load_address>
         <run_address>0x88b67</run_address>
         <size>0x3542</size>
         <input_file_ref idref="fl-8"/>
      </object_component>
      <object_component id="oc-121">
         <name>.debug_info</name>
         <load_address>0x8c0a9</load_address>
         <run_address>0x8c0a9</run_address>
         <size>0x6708</size>
         <input_file_ref idref="fl-9"/>
      </object_component>
      <object_component id="oc-126">
         <name>.debug_info</name>
         <load_address>0x927b1</load_address>
         <run_address>0x927b1</run_address>
         <size>0xcb7a</size>
         <input_file_ref idref="fl-a"/>
      </object_component>
      <object_component id="oc-12d">
         <name>.debug_info</name>
         <load_address>0x9f32b</load_address>
         <run_address>0x9f32b</run_address>
         <size>0xe9</size>
         <input_file_ref idref="fl-b"/>
      </object_component>
      <object_component id="oc-130">
         <name>.debug_info</name>
         <load_address>0x9f414</load_address>
         <run_address>0x9f414</run_address>
         <size>0xb48d</size>
         <input_file_ref idref="fl-c"/>
      </object_component>
      <object_component id="oc-135">
         <name>.debug_info</name>
         <load_address>0xaa8a1</load_address>
         <run_address>0xaa8a1</run_address>
         <size>0xda3</size>
         <input_file_ref idref="fl-d"/>
      </object_component>
      <object_component id="oc-13c">
         <name>.debug_info</name>
         <load_address>0xab644</load_address>
         <run_address>0xab644</run_address>
         <size>0x255b1</size>
         <input_file_ref idref="fl-e"/>
      </object_component>
      <object_component id="oc-144">
         <name>.debug_info</name>
         <load_address>0xd0bf5</load_address>
         <run_address>0xd0bf5</run_address>
         <size>0x599</size>
         <input_file_ref idref="fl-f"/>
      </object_component>
      <object_component id="oc-149">
         <name>.debug_info</name>
         <load_address>0xd118e</load_address>
         <run_address>0xd118e</run_address>
         <size>0x3cf</size>
         <input_file_ref idref="fl-20"/>
      </object_component>
      <object_component id="oc-14e">
         <name>.debug_info</name>
         <load_address>0xd155d</load_address>
         <run_address>0xd155d</run_address>
         <size>0x3e1</size>
         <input_file_ref idref="fl-21"/>
      </object_component>
      <object_component id="oc-155">
         <name>.debug_info</name>
         <load_address>0xd193e</load_address>
         <run_address>0xd193e</run_address>
         <size>0x173</size>
         <input_file_ref idref="fl-22"/>
      </object_component>
      <object_component id="oc-15a">
         <name>.debug_info</name>
         <load_address>0xd1ab1</load_address>
         <run_address>0xd1ab1</run_address>
         <size>0x114</size>
         <input_file_ref idref="fl-23"/>
      </object_component>
      <object_component id="oc-15e">
         <name>.debug_info</name>
         <load_address>0xd1bc5</load_address>
         <run_address>0xd1bc5</run_address>
         <size>0x561</size>
         <input_file_ref idref="fl-24"/>
      </object_component>
      <object_component id="oc-163">
         <name>.debug_info</name>
         <load_address>0xd2126</load_address>
         <run_address>0xd2126</run_address>
         <size>0x43a</size>
         <input_file_ref idref="fl-25"/>
      </object_component>
      <object_component id="oc-168">
         <name>.debug_info</name>
         <load_address>0xd2560</load_address>
         <run_address>0xd2560</run_address>
         <size>0x3ad</size>
         <input_file_ref idref="fl-26"/>
      </object_component>
      <object_component id="oc-16d">
         <name>.debug_info</name>
         <load_address>0xd290d</load_address>
         <run_address>0xd290d</run_address>
         <size>0x3aa</size>
         <input_file_ref idref="fl-27"/>
      </object_component>
      <object_component id="oc-172">
         <name>.debug_info</name>
         <load_address>0xd2cb7</load_address>
         <run_address>0xd2cb7</run_address>
         <size>0x544</size>
         <input_file_ref idref="fl-28"/>
      </object_component>
      <object_component id="oc-179">
         <name>.debug_info</name>
         <load_address>0xd31fb</load_address>
         <run_address>0xd31fb</run_address>
         <size>0x4cc</size>
         <input_file_ref idref="fl-29"/>
      </object_component>
      <object_component id="oc-17e">
         <name>.debug_info</name>
         <load_address>0xd36c7</load_address>
         <run_address>0xd36c7</run_address>
         <size>0x467</size>
         <input_file_ref idref="fl-2a"/>
      </object_component>
      <object_component id="oc-23f">
         <name>.debug_info</name>
         <load_address>0xd3b2e</load_address>
         <run_address>0xd3b2e</run_address>
         <size>0xa3</size>
      </object_component>
      <object_component id="oc-94">
         <name>.debug_frame</name>
         <load_address>0x0</load_address>
         <run_address>0x0</run_address>
         <size>0x60</size>
         <input_file_ref idref="fl-2"/>
      </object_component>
      <object_component id="oc-a0">
         <name>.debug_frame</name>
         <load_address>0x60</load_address>
         <run_address>0x60</run_address>
         <size>0x11d0</size>
         <input_file_ref idref="fl-4"/>
      </object_component>
      <object_component id="oc-a5">
         <name>.debug_frame</name>
         <load_address>0x1230</load_address>
         <run_address>0x1230</run_address>
         <size>0x160</size>
         <input_file_ref idref="fl-5"/>
      </object_component>
      <object_component id="oc-118">
         <name>.debug_frame</name>
         <load_address>0x1390</load_address>
         <run_address>0x1390</run_address>
         <size>0x1a8</size>
         <input_file_ref idref="fl-7"/>
      </object_component>
      <object_component id="oc-11d">
         <name>.debug_frame</name>
         <load_address>0x1538</load_address>
         <run_address>0x1538</run_address>
         <size>0x58</size>
         <input_file_ref idref="fl-8"/>
      </object_component>
      <object_component id="oc-122">
         <name>.debug_frame</name>
         <load_address>0x1590</load_address>
         <run_address>0x1590</run_address>
         <size>0x44</size>
         <input_file_ref idref="fl-9"/>
      </object_component>
      <object_component id="oc-127">
         <name>.debug_frame</name>
         <load_address>0x15d4</load_address>
         <run_address>0x15d4</run_address>
         <size>0x238</size>
         <input_file_ref idref="fl-a"/>
      </object_component>
      <object_component id="oc-131">
         <name>.debug_frame</name>
         <load_address>0x180c</load_address>
         <run_address>0x180c</run_address>
         <size>0x100</size>
         <input_file_ref idref="fl-c"/>
      </object_component>
      <object_component id="oc-138">
         <name>.debug_frame</name>
         <load_address>0x190c</load_address>
         <run_address>0x190c</run_address>
         <size>0x164</size>
         <input_file_ref idref="fl-d"/>
      </object_component>
      <object_component id="oc-140">
         <name>.debug_frame</name>
         <load_address>0x1a70</load_address>
         <run_address>0x1a70</run_address>
         <size>0x16c</size>
         <input_file_ref idref="fl-e"/>
      </object_component>
      <object_component id="oc-145">
         <name>.debug_frame</name>
         <load_address>0x1bdc</load_address>
         <run_address>0x1bdc</run_address>
         <size>0x60</size>
         <input_file_ref idref="fl-f"/>
      </object_component>
      <object_component id="oc-14a">
         <name>.debug_frame</name>
         <load_address>0x1c3c</load_address>
         <run_address>0x1c3c</run_address>
         <size>0x44</size>
         <input_file_ref idref="fl-20"/>
      </object_component>
      <object_component id="oc-14f">
         <name>.debug_frame</name>
         <load_address>0x1c80</load_address>
         <run_address>0x1c80</run_address>
         <size>0x64</size>
         <input_file_ref idref="fl-21"/>
      </object_component>
      <object_component id="oc-15f">
         <name>.debug_frame</name>
         <load_address>0x1ce4</load_address>
         <run_address>0x1ce4</run_address>
         <size>0x60</size>
         <input_file_ref idref="fl-24"/>
      </object_component>
      <object_component id="oc-164">
         <name>.debug_frame</name>
         <load_address>0x1d44</load_address>
         <run_address>0x1d44</run_address>
         <size>0x40</size>
         <input_file_ref idref="fl-25"/>
      </object_component>
      <object_component id="oc-169">
         <name>.debug_frame</name>
         <load_address>0x1d84</load_address>
         <run_address>0x1d84</run_address>
         <size>0x40</size>
         <input_file_ref idref="fl-26"/>
      </object_component>
      <object_component id="oc-16e">
         <name>.debug_frame</name>
         <load_address>0x1dc4</load_address>
         <run_address>0x1dc4</run_address>
         <size>0x40</size>
         <input_file_ref idref="fl-27"/>
      </object_component>
      <object_component id="oc-175">
         <name>.debug_frame</name>
         <load_address>0x1e04</load_address>
         <run_address>0x1e04</run_address>
         <size>0x60</size>
         <input_file_ref idref="fl-28"/>
      </object_component>
      <object_component id="oc-17a">
         <name>.debug_frame</name>
         <load_address>0x1e64</load_address>
         <run_address>0x1e64</run_address>
         <size>0x70</size>
         <input_file_ref idref="fl-29"/>
      </object_component>
      <object_component id="oc-17f">
         <name>.debug_frame</name>
         <load_address>0x1ed4</load_address>
         <run_address>0x1ed4</run_address>
         <size>0x40</size>
         <input_file_ref idref="fl-2a"/>
      </object_component>
      <object_component id="oc-95">
         <name>.debug_line</name>
         <load_address>0x0</load_address>
         <run_address>0x0</run_address>
         <size>0x10c</size>
         <input_file_ref idref="fl-2"/>
      </object_component>
      <object_component id="oc-9a">
         <name>.debug_line</name>
         <load_address>0x10c</load_address>
         <run_address>0x10c</run_address>
         <size>0x63</size>
         <input_file_ref idref="fl-3"/>
      </object_component>
      <object_component id="oc-a1">
         <name>.debug_line</name>
         <load_address>0x16f</load_address>
         <run_address>0x16f</run_address>
         <size>0xcdf</size>
         <input_file_ref idref="fl-4"/>
      </object_component>
      <object_component id="oc-a6">
         <name>.debug_line</name>
         <load_address>0xe4e</load_address>
         <run_address>0xe4e</run_address>
         <size>0x1bd</size>
         <input_file_ref idref="fl-5"/>
      </object_component>
      <object_component id="oc-119">
         <name>.debug_line</name>
         <load_address>0x100b</load_address>
         <run_address>0x100b</run_address>
         <size>0x23d</size>
         <input_file_ref idref="fl-7"/>
      </object_component>
      <object_component id="oc-11e">
         <name>.debug_line</name>
         <load_address>0x1248</load_address>
         <run_address>0x1248</run_address>
         <size>0x87</size>
         <input_file_ref idref="fl-8"/>
      </object_component>
      <object_component id="oc-123">
         <name>.debug_line</name>
         <load_address>0x12cf</load_address>
         <run_address>0x12cf</run_address>
         <size>0x69</size>
         <input_file_ref idref="fl-9"/>
      </object_component>
      <object_component id="oc-128">
         <name>.debug_line</name>
         <load_address>0x1338</load_address>
         <run_address>0x1338</run_address>
         <size>0x543</size>
         <input_file_ref idref="fl-a"/>
      </object_component>
      <object_component id="oc-12c">
         <name>.debug_line</name>
         <load_address>0x187b</load_address>
         <run_address>0x187b</run_address>
         <size>0x4a</size>
         <input_file_ref idref="fl-b"/>
      </object_component>
      <object_component id="oc-132">
         <name>.debug_line</name>
         <load_address>0x18c5</load_address>
         <run_address>0x18c5</run_address>
         <size>0x17f</size>
         <input_file_ref idref="fl-c"/>
      </object_component>
      <object_component id="oc-139">
         <name>.debug_line</name>
         <load_address>0x1a44</load_address>
         <run_address>0x1a44</run_address>
         <size>0x15c</size>
         <input_file_ref idref="fl-d"/>
      </object_component>
      <object_component id="oc-141">
         <name>.debug_line</name>
         <load_address>0x1ba0</load_address>
         <run_address>0x1ba0</run_address>
         <size>0x174</size>
         <input_file_ref idref="fl-e"/>
      </object_component>
      <object_component id="oc-146">
         <name>.debug_line</name>
         <load_address>0x1d14</load_address>
         <run_address>0x1d14</run_address>
         <size>0x93</size>
         <input_file_ref idref="fl-f"/>
      </object_component>
      <object_component id="oc-14b">
         <name>.debug_line</name>
         <load_address>0x1da7</load_address>
         <run_address>0x1da7</run_address>
         <size>0x50</size>
         <input_file_ref idref="fl-20"/>
      </object_component>
      <object_component id="oc-150">
         <name>.debug_line</name>
         <load_address>0x1df7</load_address>
         <run_address>0x1df7</run_address>
         <size>0x60</size>
         <input_file_ref idref="fl-21"/>
      </object_component>
      <object_component id="oc-156">
         <name>.debug_line</name>
         <load_address>0x1e57</load_address>
         <run_address>0x1e57</run_address>
         <size>0x7e</size>
         <input_file_ref idref="fl-22"/>
      </object_component>
      <object_component id="oc-15b">
         <name>.debug_line</name>
         <load_address>0x1ed5</load_address>
         <run_address>0x1ed5</run_address>
         <size>0xad</size>
         <input_file_ref idref="fl-23"/>
      </object_component>
      <object_component id="oc-160">
         <name>.debug_line</name>
         <load_address>0x1f82</load_address>
         <run_address>0x1f82</run_address>
         <size>0x50</size>
         <input_file_ref idref="fl-24"/>
      </object_component>
      <object_component id="oc-165">
         <name>.debug_line</name>
         <load_address>0x1fd2</load_address>
         <run_address>0x1fd2</run_address>
         <size>0x62</size>
         <input_file_ref idref="fl-25"/>
      </object_component>
      <object_component id="oc-16a">
         <name>.debug_line</name>
         <load_address>0x2034</load_address>
         <run_address>0x2034</run_address>
         <size>0x3e</size>
         <input_file_ref idref="fl-26"/>
      </object_component>
      <object_component id="oc-16f">
         <name>.debug_line</name>
         <load_address>0x2072</load_address>
         <run_address>0x2072</run_address>
         <size>0x3a</size>
         <input_file_ref idref="fl-27"/>
      </object_component>
      <object_component id="oc-176">
         <name>.debug_line</name>
         <load_address>0x20ac</load_address>
         <run_address>0x20ac</run_address>
         <size>0x65</size>
         <input_file_ref idref="fl-28"/>
      </object_component>
      <object_component id="oc-17b">
         <name>.debug_line</name>
         <load_address>0x2111</load_address>
         <run_address>0x2111</run_address>
         <size>0x5e</size>
         <input_file_ref idref="fl-29"/>
      </object_component>
      <object_component id="oc-180">
         <name>.debug_line</name>
         <load_address>0x216f</load_address>
         <run_address>0x216f</run_address>
         <size>0x4f</size>
         <input_file_ref idref="fl-2a"/>
      </object_component>
      <object_component id="oc-96">
         <name>.debug_abbrev</name>
         <load_address>0x0</load_address>
         <run_address>0x0</run_address>
         <size>0x13c</size>
         <input_file_ref idref="fl-2"/>
      </object_component>
      <object_component id="oc-9c">
         <name>.debug_abbrev</name>
         <load_address>0x13c</load_address>
         <run_address>0x13c</run_address>
         <size>0x21</size>
         <input_file_ref idref="fl-3"/>
      </object_component>
      <object_component id="oc-a2">
         <name>.debug_abbrev</name>
         <load_address>0x15d</load_address>
         <run_address>0x15d</run_address>
         <size>0xb6</size>
         <input_file_ref idref="fl-4"/>
      </object_component>
      <object_component id="oc-a7">
         <name>.debug_abbrev</name>
         <load_address>0x213</load_address>
         <run_address>0x213</run_address>
         <size>0x143</size>
         <input_file_ref idref="fl-5"/>
      </object_component>
      <object_component id="oc-116">
         <name>.debug_abbrev</name>
         <load_address>0x356</load_address>
         <run_address>0x356</run_address>
         <size>0xcb</size>
         <input_file_ref idref="fl-6"/>
      </object_component>
      <object_component id="oc-11a">
         <name>.debug_abbrev</name>
         <load_address>0x421</load_address>
         <run_address>0x421</run_address>
         <size>0x191</size>
         <input_file_ref idref="fl-7"/>
      </object_component>
      <object_component id="oc-11f">
         <name>.debug_abbrev</name>
         <load_address>0x5b2</load_address>
         <run_address>0x5b2</run_address>
         <size>0xc8</size>
         <input_file_ref idref="fl-8"/>
      </object_component>
      <object_component id="oc-124">
         <name>.debug_abbrev</name>
         <load_address>0x67a</load_address>
         <run_address>0x67a</run_address>
         <size>0x116</size>
         <input_file_ref idref="fl-9"/>
      </object_component>
      <object_component id="oc-129">
         <name>.debug_abbrev</name>
         <load_address>0x790</load_address>
         <run_address>0x790</run_address>
         <size>0x1c4</size>
         <input_file_ref idref="fl-a"/>
      </object_component>
      <object_component id="oc-12e">
         <name>.debug_abbrev</name>
         <load_address>0x954</load_address>
         <run_address>0x954</run_address>
         <size>0x2f</size>
         <input_file_ref idref="fl-b"/>
      </object_component>
      <object_component id="oc-133">
         <name>.debug_abbrev</name>
         <load_address>0x983</load_address>
         <run_address>0x983</run_address>
         <size>0x10c</size>
         <input_file_ref idref="fl-c"/>
      </object_component>
      <object_component id="oc-13a">
         <name>.debug_abbrev</name>
         <load_address>0xa8f</load_address>
         <run_address>0xa8f</run_address>
         <size>0x10c</size>
         <input_file_ref idref="fl-d"/>
      </object_component>
      <object_component id="oc-142">
         <name>.debug_abbrev</name>
         <load_address>0xb9b</load_address>
         <run_address>0xb9b</run_address>
         <size>0x1d1</size>
         <input_file_ref idref="fl-e"/>
      </object_component>
      <object_component id="oc-147">
         <name>.debug_abbrev</name>
         <load_address>0xd6c</load_address>
         <run_address>0xd6c</run_address>
         <size>0xf7</size>
         <input_file_ref idref="fl-f"/>
      </object_component>
      <object_component id="oc-14c">
         <name>.debug_abbrev</name>
         <load_address>0xe63</load_address>
         <run_address>0xe63</run_address>
         <size>0x84</size>
         <input_file_ref idref="fl-20"/>
      </object_component>
      <object_component id="oc-151">
         <name>.debug_abbrev</name>
         <load_address>0xee7</load_address>
         <run_address>0xee7</run_address>
         <size>0x84</size>
         <input_file_ref idref="fl-21"/>
      </object_component>
      <object_component id="oc-157">
         <name>.debug_abbrev</name>
         <load_address>0xf6b</load_address>
         <run_address>0xf6b</run_address>
         <size>0x46</size>
         <input_file_ref idref="fl-22"/>
      </object_component>
      <object_component id="oc-15c">
         <name>.debug_abbrev</name>
         <load_address>0xfb1</load_address>
         <run_address>0xfb1</run_address>
         <size>0x38</size>
         <input_file_ref idref="fl-23"/>
      </object_component>
      <object_component id="oc-161">
         <name>.debug_abbrev</name>
         <load_address>0xfe9</load_address>
         <run_address>0xfe9</run_address>
         <size>0xe3</size>
         <input_file_ref idref="fl-24"/>
      </object_component>
      <object_component id="oc-166">
         <name>.debug_abbrev</name>
         <load_address>0x10cc</load_address>
         <run_address>0x10cc</run_address>
         <size>0xa8</size>
         <input_file_ref idref="fl-25"/>
      </object_component>
      <object_component id="oc-16b">
         <name>.debug_abbrev</name>
         <load_address>0x1174</load_address>
         <run_address>0x1174</run_address>
         <size>0x68</size>
         <input_file_ref idref="fl-26"/>
      </object_component>
      <object_component id="oc-170">
         <name>.debug_abbrev</name>
         <load_address>0x11dc</load_address>
         <run_address>0x11dc</run_address>
         <size>0x66</size>
         <input_file_ref idref="fl-27"/>
      </object_component>
      <object_component id="oc-177">
         <name>.debug_abbrev</name>
         <load_address>0x1242</load_address>
         <run_address>0x1242</run_address>
         <size>0x130</size>
         <input_file_ref idref="fl-28"/>
      </object_component>
      <object_component id="oc-17c">
         <name>.debug_abbrev</name>
         <load_address>0x1372</load_address>
         <run_address>0x1372</run_address>
         <size>0xb2</size>
         <input_file_ref idref="fl-29"/>
      </object_component>
      <object_component id="oc-181">
         <name>.debug_abbrev</name>
         <load_address>0x1424</load_address>
         <run_address>0x1424</run_address>
         <size>0xee</size>
         <input_file_ref idref="fl-2a"/>
      </object_component>
      <object_component id="oc-240">
         <name>.debug_abbrev</name>
         <load_address>0x1512</load_address>
         <run_address>0x1512</run_address>
         <size>0xf</size>
      </object_component>
      <object_component id="oc-97">
         <name>.debug_aranges</name>
         <load_address>0x0</load_address>
         <run_address>0x0</run_address>
         <size>0x28</size>
         <input_file_ref idref="fl-2"/>
      </object_component>
      <object_component id="oc-9d">
         <name>.debug_aranges</name>
         <load_address>0x28</load_address>
         <run_address>0x28</run_address>
         <size>0x28</size>
         <input_file_ref idref="fl-3"/>
      </object_component>
      <object_component id="oc-a3">
         <name>.debug_aranges</name>
         <load_address>0x50</load_address>
         <run_address>0x50</run_address>
         <size>0x480</size>
         <input_file_ref idref="fl-4"/>
      </object_component>
      <object_component id="oc-a8">
         <name>.debug_aranges</name>
         <load_address>0x4d0</load_address>
         <run_address>0x4d0</run_address>
         <size>0x80</size>
         <input_file_ref idref="fl-5"/>
      </object_component>
      <object_component id="oc-11b">
         <name>.debug_aranges</name>
         <load_address>0x550</load_address>
         <run_address>0x550</run_address>
         <size>0x88</size>
         <input_file_ref idref="fl-7"/>
      </object_component>
      <object_component id="oc-120">
         <name>.debug_aranges</name>
         <load_address>0x5d8</load_address>
         <run_address>0x5d8</run_address>
         <size>0x28</size>
         <input_file_ref idref="fl-8"/>
      </object_component>
      <object_component id="oc-125">
         <name>.debug_aranges</name>
         <load_address>0x600</load_address>
         <run_address>0x600</run_address>
         <size>0x20</size>
         <input_file_ref idref="fl-9"/>
      </object_component>
      <object_component id="oc-12a">
         <name>.debug_aranges</name>
         <load_address>0x620</load_address>
         <run_address>0x620</run_address>
         <size>0xc0</size>
         <input_file_ref idref="fl-a"/>
      </object_component>
      <object_component id="oc-12f">
         <name>.debug_aranges</name>
         <load_address>0x6e0</load_address>
         <run_address>0x6e0</run_address>
         <size>0x20</size>
         <input_file_ref idref="fl-b"/>
      </object_component>
      <object_component id="oc-134">
         <name>.debug_aranges</name>
         <load_address>0x700</load_address>
         <run_address>0x700</run_address>
         <size>0x60</size>
         <input_file_ref idref="fl-c"/>
      </object_component>
      <object_component id="oc-13b">
         <name>.debug_aranges</name>
         <load_address>0x760</load_address>
         <run_address>0x760</run_address>
         <size>0x70</size>
         <input_file_ref idref="fl-d"/>
      </object_component>
      <object_component id="oc-143">
         <name>.debug_aranges</name>
         <load_address>0x7d0</load_address>
         <run_address>0x7d0</run_address>
         <size>0x50</size>
         <input_file_ref idref="fl-e"/>
      </object_component>
      <object_component id="oc-148">
         <name>.debug_aranges</name>
         <load_address>0x820</load_address>
         <run_address>0x820</run_address>
         <size>0x28</size>
         <input_file_ref idref="fl-f"/>
      </object_component>
      <object_component id="oc-14d">
         <name>.debug_aranges</name>
         <load_address>0x848</load_address>
         <run_address>0x848</run_address>
         <size>0x20</size>
         <input_file_ref idref="fl-20"/>
      </object_component>
      <object_component id="oc-152">
         <name>.debug_aranges</name>
         <load_address>0x868</load_address>
         <run_address>0x868</run_address>
         <size>0x20</size>
         <input_file_ref idref="fl-21"/>
      </object_component>
      <object_component id="oc-158">
         <name>.debug_aranges</name>
         <load_address>0x888</load_address>
         <run_address>0x888</run_address>
         <size>0x20</size>
         <input_file_ref idref="fl-22"/>
      </object_component>
      <object_component id="oc-15d">
         <name>.debug_aranges</name>
         <load_address>0x8a8</load_address>
         <run_address>0x8a8</run_address>
         <size>0x20</size>
         <input_file_ref idref="fl-23"/>
      </object_component>
      <object_component id="oc-162">
         <name>.debug_aranges</name>
         <load_address>0x8c8</load_address>
         <run_address>0x8c8</run_address>
         <size>0x20</size>
         <input_file_ref idref="fl-24"/>
      </object_component>
      <object_component id="oc-167">
         <name>.debug_aranges</name>
         <load_address>0x8e8</load_address>
         <run_address>0x8e8</run_address>
         <size>0x20</size>
         <input_file_ref idref="fl-25"/>
      </object_component>
      <object_component id="oc-16c">
         <name>.debug_aranges</name>
         <load_address>0x908</load_address>
         <run_address>0x908</run_address>
         <size>0x20</size>
         <input_file_ref idref="fl-26"/>
      </object_component>
      <object_component id="oc-171">
         <name>.debug_aranges</name>
         <load_address>0x928</load_address>
         <run_address>0x928</run_address>
         <size>0x20</size>
         <input_file_ref idref="fl-27"/>
      </object_component>
      <object_component id="oc-178">
         <name>.debug_aranges</name>
         <load_address>0x948</load_address>
         <run_address>0x948</run_address>
         <size>0x28</size>
         <input_file_ref idref="fl-28"/>
      </object_component>
      <object_component id="oc-17d">
         <name>.debug_aranges</name>
         <load_address>0x970</load_address>
         <run_address>0x970</run_address>
         <size>0x30</size>
         <input_file_ref idref="fl-29"/>
      </object_component>
      <object_component id="oc-182">
         <name>.debug_aranges</name>
         <load_address>0x9a0</load_address>
         <run_address>0x9a0</run_address>
         <size>0x20</size>
         <input_file_ref idref="fl-2a"/>
      </object_component>
   </object_component_list>
   <logical_group_list>
      <logical_group id="lg-2" display="no" color="cyan">
         <name>codestart</name>
         <load_address>0x0</load_address>
         <run_address>0x0</run_address>
         <size>0x2</size>
         <contents>
            <object_component_ref idref="oc-99"/>
         </contents>
      </logical_group>
      <logical_group id="lg-23b" display="no" color="cyan">
         <name>.text.1</name>
         <load_address>0x8000</load_address>
         <run_address>0x8000</run_address>
         <size>0x800</size>
         <contents>
            <object_component_ref idref="oc-197"/>
            <object_component_ref idref="oc-198"/>
            <object_component_ref idref="oc-199"/>
            <object_component_ref idref="oc-186"/>
            <object_component_ref idref="oc-183"/>
         </contents>
      </logical_group>
      <logical_group id="lg-23c" display="no" color="cyan">
         <name>.text.2</name>
         <load_address>0x8800</load_address>
         <run_address>0x8800</run_address>
         <size>0x7fa</size>
         <contents>
            <object_component_ref idref="oc-13f"/>
            <object_component_ref idref="oc-19a"/>
            <object_component_ref idref="oc-1a0"/>
            <object_component_ref idref="oc-159"/>
            <object_component_ref idref="oc-196"/>
            <object_component_ref idref="oc-92"/>
            <object_component_ref idref="oc-185"/>
         </contents>
      </logical_group>
      <logical_group id="lg-23d" display="no" color="cyan">
         <name>.text.3</name>
         <load_address>0x9000</load_address>
         <run_address>0x9000</run_address>
         <size>0x199</size>
         <contents>
            <object_component_ref idref="oc-191"/>
            <object_component_ref idref="oc-193"/>
            <object_component_ref idref="oc-19b"/>
            <object_component_ref idref="oc-19c"/>
            <object_component_ref idref="oc-19d"/>
            <object_component_ref idref="oc-184"/>
            <object_component_ref idref="oc-192"/>
            <object_component_ref idref="oc-19e"/>
         </contents>
      </logical_group>
[...]
         <object_component_ref idref="oc-13e"/>
      </symbol>
      <symbol id="sm-5e5">
         <name>_z2</name>
         <value>0xaa1e</value>
         <object_component_ref idref="oc-13e"/>
      </symbol>
      <symbol id="sm-5e6">
         <name>_z1</name>
         <value>0xaa1c</value>
         <object_component_ref idref="oc-13e"/>
      </symbol>
      <symbol id="sm-5e7">
         <name>_V_Clarke</name>
         <value>0xaa74</value>
         <object_component_ref idref="oc-13e"/>
      </symbol>
      <symbol id="sm-5e8">
         <name>_I_Clarke</name>
         <value>0xaa70</value>
         <object_component_ref idref="oc-13e"/>
      </symbol>
      <symbol id="sm-5e9">
         <name>_display_ig</name>
         <value>0xaa4c</value>
         <object_component_ref idref="oc-13e"/>
      </symbol>
      <symbol id="sm-5ea">
         <name>_dig</name>
         <value>0xaa52</value>
         <object_component_ref idref="oc-13e"/>
      </symbol>
      <symbol id="sm-5eb">
         <name>_qV_linha_SOGI</name>
         <value>0xaa5e</value>
         <object_component_ref idref="oc-13e"/>
      </symbol>
      <symbol id="sm-5ec">
         <name>_App_transPLL2SHUNT</name>
         <value>0x90a0</value>
         <object_component_ref idref="oc-193"/>
      </symbol>
      <symbol id="sm-5ee">
         <name>_uc</name>
         <value>0xaa6a</value>
         <object_component_ref idref="oc-13e"/>
      </symbol>
      <symbol id="sm-5ef">
         <name>_ub</name>
         <value>0xaa68</value>
         <object_component_ref idref="oc-13e"/>
      </symbol>
      <symbol id="sm-5f0">
         <name>_ua</name>
         <value>0xaa66</value>
         <object_component_ref idref="oc-13e"/>
      </symbol>
      <symbol id="sm-5f1">
         <name>_dcbus</name>
         <value>0xa9cf</value>
         <object_component_ref idref="oc-13e"/>
      </symbol>
      <symbol id="sm-5f2">
         <name>_z_SOGI</name>
         <value>0xaa5a</value>
         <object_component_ref idref="oc-13e"/>
      </symbol>
      <symbol id="sm-5f3">
         <name>_Lg</name>
         <value>0xaa56</value>
         <object_component_ref idref="oc-13e"/>
      </symbol>
      <symbol id="sm-5f4">
         <name>_element1</name>
         <value>0xaa10</value>
         <object_component_ref idref="oc-13e"/>
      </symbol>
      <symbol id="sm-5f5">
         <name>_element3</name>
         <value>0xaa14</value>
         <object_component_ref idref="oc-13e"/>
      </symbol>
      <symbol id="sm-5f6">
         <name>_element2</name>
         <value>0xaa12</value>
         <object_component_ref idref="oc-13e"/>
      </symbol>
      <symbol id="sm-5f7">
         <name>_element5</name>
         <value>0xaa18</value>
         <object_component_ref idref="oc-13e"/>
      </symbol>
      <symbol id="sm-5f8">
         <name>_element4</name>
         <value>0xaa16</value>
         <object_component_ref idref="oc-13e"/>
      </symbol>
      <symbol id="sm-5f9">
         <name>_element6</name>
         <value>0xaa1a</value>
         <object_component_ref idref="oc-13e"/>
      </symbol>
      <symbol id="sm-5fa">
         <name>_K6</name>
         <value>0xaa42</value>
         <object_component_ref idref="oc-13e"/>
      </symbol>
      <symbol id="sm-5fb">
         <name>_K5</name>
         <value>0xaa40</value>
         <object_component_ref idref="oc-13e"/>
      </symbol>
      <symbol id="sm-5fc">
         <name>_K4</name>
         <value>0xaa3e</value>
         <object_component_ref idref="oc-13e"/>
      </symbol>
      <symbol id="sm-5fd">
         <name>_K3</name>
         <value>0xaa3c</value>
         <object_component_ref idref="oc-13e"/>
      </symbol>
      <symbol id="sm-5fe">
         <name>_Vg_est</name>
         <value>0xaa58</value>
         <object_component_ref idref="oc-13e"/>
      </symbol>
      <symbol id="sm-5ff">
         <name>_K2</name>
         <value>0xaa3a</value>
         <object_component_ref idref="oc-13e"/>
      </symbol>
      <symbol id="sm-600">
         <name>_K1</name>
         <value>0xaa38</value>
         <object_component_ref idref="oc-13e"/>
      </symbol>
      <symbol id="sm-601">
         <name>_vcf_final</name>
         <value>0xaa30</value>
         <object_component_ref idref="oc-13e"/>
      </symbol>
      <symbol id="sm-602">
         <name>_display_vcf</name>
         <value>0xaa48</value>
         <object_component_ref idref="oc-13e"/>
      </symbol>
      <symbol id="sm-603">
         <name>_vdc</name>
         <value>0xa9ea</value>
         <object_component_ref idref="oc-13e"/>
      </symbol>
      <symbol id="sm-604">
         <name>_id_ref</name>
         <value>0xa9f8</value>
         <object_component_ref idref="oc-13e"/>
      </symbol>
      <symbol id="sm-605">
         <name>_App_transAnyToError</name>
         <value>0x90b6</value>
         <object_component_ref idref="oc-193"/>
      </symbol>
      <symbol id="sm-607">
         <name>_ud_ref</name>
         <value>0xa9fc</value>
         <object_component_ref idref="oc-13e"/>
      </symbol>
      <symbol id="sm-608">
         <name>_z1_dot</name>
         <value>0xaa22</value>
         <object_component_ref idref="oc-13e"/>
      </symbol>
      <symbol id="sm-609">
         <name>_ig_final</name>
         <value>0xaa32</value>
         <object_component_ref idref="oc-13e"/>
      </symbol>
      <symbol id="sm-60a">
         <name>_ON_OBSV</name>
         <value>0xa9cd</value>
         <object_component_ref idref="oc-13e"/>
      </symbol>
      <symbol id="sm-60b">
         <name>_error</name>
         <value>0xaa02</value>
         <object_component_ref idref="oc-13e"/>
      </symbol>
      <symbol id="sm-60c">
         <name>_App_transSHUNT2BYPASS</name>
         <value>0x90a5</value>
         <object_component_ref idref="oc-193"/>
      </symbol>
      <symbol id="sm-60e">
         <name>_vdc_filter</name>
         <value>0xa9f0</value>
         <object_component_ref idref="oc-13e"/>
      </symbol>
      <symbol id="sm-60f">
         <name>_display_itA</name>
         <value>0xaa44</value>
         <object_component_ref idref="oc-13e"/>
      </symbol>
      <symbol id="sm-610">
         <name>_ig_anterior</name>
         <value>0xaa54</value>
         <object_component_ref idref="oc-13e"/>
      </symbol>
      <symbol id="sm-611">
         <name>_sensorA</name>
         <value>0xa9c0</value>
         <object_component_ref idref="oc-13e"/>
      </symbol>
      <symbol id="sm-612">
         <name>_z2_dot</name>
         <value>0xaa24</value>
         <object_component_ref idref="oc-13e"/>
      </symbol>
      <symbol id="sm-613">
         <name>_sensorC</name>
         <value>0xa9c2</value>
         <object_component_ref idref="oc-13e"/>
      </symbol>
      <symbol id="sm-614">
         <name>_sensorB</name>
         <value>0xa9c1</value>
         <object_component_ref idref="oc-13e"/>
      </symbol>
      <symbol id="sm-615">
         <name>_sensorE</name>
         <value>0xa9c4</value>
         <object_component_ref idref="oc-13e"/>
      </symbol>
      <symbol id="sm-616">
         <name>_sensorD</name>
         <value>0xa9c3</value>
         <object_component_ref idref="oc-13e"/>
      </symbol>
      <symbol id="sm-617">
         <name>_sensorG</name>
         <value>0xa9c6</value>
         <object_component_ref idref="oc-13e"/>
      </symbol>
      <symbol id="sm-618">
         <name>_sensorF</name>
         <value>0xa9c5</value>
         <object_component_ref idref="oc-13e"/>
      </symbol>
      <symbol id="sm-619">
         <name>_sensorI</name>
         <value>0xa9c8</value>
         <object_component_ref idref="oc-13e"/>
      </symbol>
      <symbol id="sm-61a">
         <name>_sensorH</name>
         <value>0xa9c7</value>
         <object_component_ref idref="oc-13e"/>
      </symbol>
      <symbol id="sm-61b">
         <name>_sensorK</name>
         <value>0xa9ca</value>
         <object_component_ref idref="oc-13e"/>
      </symbol>
      <symbol id="sm-61c">
         <name>_sensorJ</name>
         <value>0xa9c9</value>
         <object_component_ref idref="oc-13e"/>
      </symbol>
      <symbol id="sm-61d">
         <name>_sensorM</name>
         <value>0xa9cc</value>
         <object_component_ref idref="oc-13e"/>
      </symbol>
      <symbol id="sm-61e">
         <name>_sensorL</name>
         <value>0xa9cb</value>
         <object_component_ref idref="oc-13e"/>
      </symbol>
      <symbol id="sm-61f">
         <name>_Vdc_Ref</name>
         <value>0xa9f4</value>
         <object_component_ref idref="oc-13e"/>
      </symbol>
      <symbol id="sm-620">
         <name>_itC</name>
         <value>0xa9e2</value>
         <object_component_ref idref="oc-13e"/>
      </symbol>
      <symbol id="sm-621">
         <name>_itB</name>
         <value>0xa9e0</value>
         <object_component_ref idref="oc-13e"/>
      </symbol>
      <symbol id="sm-622">
         <name>_itA</name>
         <value>0xa9de</value>
         <object_component_ref idref="oc-13e"/>
      </symbol>
      <symbol id="sm-623">
         <name>_U_Clarke</name>
         <value>0xaa78</value>
         <object_component_ref idref="oc-13e"/>
      </symbol>
      <symbol id="sm-624">
         <name>_display_Vg_est</name>
         <value>0xaa50</value>
         <object_component_ref idref="oc-13e"/>
      </symbol>
      <symbol id="sm-625">
         <name>_erro</name>
         <value>0xa9d0</value>
         <object_component_ref idref="oc-13e"/>
      </symbol>
      <symbol id="sm-626">
         <name>_Vdc_U</name>
         <value>0xa9f2</value>
         <object_component_ref idref="oc-13e"/>
      </symbol>
      <symbol id="sm-627">
         <name>_m_PWM</name>
         <value>0xaa36</value>
         <object_component_ref idref="oc-13e"/>
      </symbol>
      <symbol id="sm-628">
         <name>_z3_dot</name>
         <value>0xaa26</value>
         <object_component_ref idref="oc-13e"/>
      </symbol>
      <symbol id="sm-629">
         <name>_vcapA</name>
         <value>0xa9d8</value>
         <object_component_ref idref="oc-13e"/>
      </symbol>
      <symbol id="sm-62a">
         <name>_vcapB</name>
         <value>0xa9da</value>
         <object_component_ref idref="oc-13e"/>
      </symbol>
      <symbol id="sm-62b">
         <name>_vcapC</name>
         <value>0xa9dc</value>
         <object_component_ref idref="oc-13e"/>
      </symbol>
      <symbol id="sm-62c">
         <name>_stateMachine</name>
         <value>0xaa6c</value>
         <object_component_ref idref="oc-13e"/>
      </symbol>
      <symbol id="sm-62d">
         <name>_V_linha_SOGI</name>
         <value>0xaa5c</value>
         <object_component_ref idref="oc-13e"/>
      </symbol>
      <symbol id="sm-62e">
         <name>_vdcAnterior</name>
         <value>0xa9ec</value>
         <object_component_ref idref="oc-13e"/>
      </symbol>
      <symbol id="sm-62f">
         <name>_after_wn2</name>
         <value>0xaa0c</value>
         <object_component_ref idref="oc-13e"/>
      </symbol>
      <symbol id="sm-630">
         <name>_vpacA</name>
         <value>0xa9e4</value>
         <object_component_ref idref="oc-13e"/>
      </symbol>
      <symbol id="sm-631">
         <name>_vpacB</name>
         <value>0xa9e6</value>
         <object_component_ref idref="oc-13e"/>
      </symbol>
      <symbol id="sm-632">
         <name>_vpacC</name>
         <value>0xa9e8</value>
         <object_component_ref idref="oc-13e"/>
      </symbol>
      <symbol id="sm-633">
         <name>_Defasado</name>
         <value>0xa9ee</value>
         <object_component_ref idref="oc-13e"/>
      </symbol>
      <symbol id="sm-634">
         <name>_ig_ref</name>
         <value>0xa9fe</value>
         <object_component_ref idref="oc-13e"/>
      </symbol>
      <symbol id="sm-635">
         <name>_angulo_saida</name>
         <value>0xa9ce</value>
         <object_component_ref idref="oc-13e"/>
      </symbol>
      <symbol id="sm-636">
         <name>_inte_error_after_sum</name>
         <value>0xaa08</value>
         <object_component_ref idref="oc-13e"/>
      </symbol>
      <symbol id="sm-637">
         <name>_inte_error</name>
         <value>0xaa04</value>
         <object_component_ref idref="oc-13e"/>
      </symbol>
      <symbol id="sm-638">
         <name>_V_Park</name>
         <value>0xaa80</value>
         <object_component_ref idref="oc-13e"/>
      </symbol>
      <symbol id="sm-639">
         <name>_I_Park</name>
         <value>0xaa7c</value>
         <object_component_ref idref="oc-13e"/>
      </symbol>
      <symbol id="sm-63a">
         <name>_it_final</name>
         <value>0xaa2e</value>
         <object_component_ref idref="oc-13e"/>
      </symbol>
      <symbol id="sm-63b">
         <name>_x1_est</name>
         <value>0xaa28</value>
         <object_component_ref idref="oc-13e"/>
      </symbol>
      <symbol id="sm-63c">
         <name>_inte2_error_after_sum</name>
         <value>0xaa0a</value>
         <object_component_ref idref="oc-13e"/>
      </symbol>
      <symbol id="sm-63d">
         <name>_App_transDCBUS2WORKING</name>
         <value>0x90b1</value>
         <object_component_ref idref="oc-193"/>
      </symbol>
      <symbol id="sm-63f">
         <name>_display_vcf_hat</name>
         <value>0xaa4a</value>
         <object_component_ref idref="oc-13e"/>
      </symbol>
      <symbol id="sm-640">
         <name>_App_transBYPASS2DCBUS</name>
         <value>0x90aa</value>
         <object_component_ref idref="oc-193"/>
      </symbol>
      <symbol id="sm-642">
         <name>_igC</name>
         <value>0xa9d6</value>
         <object_component_ref idref="oc-13e"/>
      </symbol>
      <symbol id="sm-643">
         <name>_igB</name>
         <value>0xa9d4</value>
         <object_component_ref idref="oc-13e"/>
      </symbol>
      <symbol id="sm-644">
         <name>_igA</name>
         <value>0xa9d2</value>
         <object_component_ref idref="oc-13e"/>
      </symbol>
      <symbol id="sm-645">
         <name>_x2_est</name>
         <value>0xaa2a</value>
         <object_component_ref idref="oc-13e"/>
      </symbol>
      <symbol id="sm-646">
         <name>_adca1_isr</name>
         <value>0x8800</value>
         <object_component_ref idref="oc-13f"/>
      </symbol>
      <symbol id="sm-648">
         <name>_display_itA_hat</name>
         <value>0xaa46</value>
         <object_component_ref idref="oc-13e"/>
      </symbol>
      <symbol id="sm-649">
         <name>_m</name>
         <value>0xaa34</value>
         <object_component_ref idref="oc-13e"/>
      </symbol>
      <symbol id="sm-64a">
         <name>_K</name>
         <value>0xaaa8</value>
         <object_component_ref idref="oc-18b"/>
      </symbol>
      <symbol id="sm-64b">
         <name>_after_xi</name>
         <value>0xaa0e</value>
         <object_component_ref idref="oc-13e"/>
      </symbol>
      <symbol id="sm-64c">
         <name>_H</name>
         <value>0xaaa2</value>
         <object_component_ref idref="oc-18f"/>
      </symbol>
      <symbol id="sm-64d">
         <name>_F</name>
         <value>0xaa84</value>
         <object_component_ref idref="oc-18d"/>
      </symbol>
      <symbol id="sm-64e">
         <name>_x3_est</name>
         <value>0xaa2c</value>
         <object_component_ref idref="oc-13e"/>
      </symbol>
      <symbol id="sm-661">
         <name>_SM_changeState</name>
         <value>0x90c7</value>
         <object_component_ref idref="oc-19b"/>
      </symbol>
      <symbol id="sm-663">
         <name>_SM_init</name>
         <value>0x90c2</value>
         <object_component_ref idref="oc-19b"/>
      </symbol>
      <symbol id="sm-672">
         <name>_cos</name>
         <value>0x9000</value>
         <object_component_ref idref="oc-191"/>
      </symbol>
      <symbol id="sm-673">
         <name>_cosf</name>
         <value>0x9000</value>
         <object_component_ref idref="oc-191"/>
      </symbol>
      <symbol id="sm-681">
         <name>_sin</name>
         <value>0x8f3d</value>
         <object_component_ref idref="oc-196"/>
      </symbol>
      <symbol id="sm-682">
         <name>_sinf</name>
         <value>0x8f3d</value>
         <object_component_ref idref="oc-196"/>
      </symbol>
      <symbol id="sm-69e">
         <name>_c_int00</name>
         <value>0x8fa3</value>
         <object_component_ref idref="oc-92"/>
      </symbol>
      <symbol id="sm-69f">
         <name>__stack</name>
         <value>0x400</value>
         <object_component_ref idref="oc-153"/>
      </symbol>
      <symbol id="sm-6b0">
         <name>FS$$DIV</name>
         <value>0x8eb5</value>
         <object_component_ref idref="oc-159"/>
      </symbol>
      <symbol id="sm-6bf">
         <name>_copy_in</name>
         <value>0x914f</value>
         <object_component_ref idref="oc-184"/>
      </symbol>
      <symbol id="sm-6d1">
         <name>_memcpy</name>
         <value>0x9173</value>
         <object_component_ref idref="oc-192"/>
      </symbol>
      <symbol id="sm-6de">
         <name>__system_pre_init</name>
         <value>0x87fe</value>
         <object_component_ref idref="oc-183"/>
      </symbol>
      <symbol id="sm-6ec">
         <name>__system_post_cinit</name>
         <value>0x8ff9</value>
         <object_component_ref idref="oc-185"/>
      </symbol>
      <symbol id="sm-701">
         <name>C$$EXIT</name>
         <value>0xb7cf</value>
         <object_component_ref idref="oc-187"/>
      </symbol>
      <symbol id="sm-702">
         <name>_exit</name>
         <value>0xb7d1</value>
         <object_component_ref idref="oc-187"/>
      </symbol>
      <symbol id="sm-704">
         <name>___TI_cleanup_ptr</name>
         <value>0xaab6</value>
         <object_component_ref idref="oc-174"/>
      </symbol>
      <symbol id="sm-705">
         <name>___TI_enable_exit_profile_output</name>
         <value>0xaab4</value>
         <object_component_ref idref="oc-174"/>
      </symbol>
      <symbol id="sm-706">
         <name>_abort</name>
         <value>0xb7cf</value>
         <object_component_ref idref="oc-187"/>
      </symbol>
      <symbol id="sm-708">
         <name>___TI_dtors_ptr</name>
         <value>0xaab8</value>
         <object_component_ref idref="oc-174"/>
      </symbol>
      <symbol id="sm-71c">
         <name>__unlock</name>
         <value>0xaabc</value>
         <object_component_ref idref="oc-1a2"/>
      </symbol>
      <symbol id="sm-71d">
         <name>__lock</name>
         <value>0xaaba</value>
         <object_component_ref idref="oc-194"/>
      </symbol>
      <symbol id="sm-71e">
         <name>__register_lock</name>
         <value>0x9194</value>
         <object_component_ref idref="oc-19e"/>
      </symbol>
      <symbol id="sm-720">
         <name>__nop</name>
         <value>0x9198</value>
         <object_component_ref idref="oc-19e"/>
      </symbol>
      <symbol id="sm-722">
         <name>__register_unlock</name>
         <value>0x9190</value>
         <object_component_ref idref="oc-19e"/>
      </symbol>
      <symbol id="sm-732">
         <name>__args_main</name>
         <value>0x87ec</value>
         <object_component_ref idref="oc-186"/>
      </symbol>
   </symbol_table>
   <title>Link successful</title>
</link_info>
