******************************************************************************
             TMS320C2000 Linker PC v22.6.0                     
******************************************************************************
>> Linked Thu Jun  5 14:51:59 2025

OUTPUT FILE NAME:   <base_RTBOX_CE4.out>
ENTRY POINT SYMBOL: "_c_int00"  address: 00083a5d


MEMORY CONFIGURATION

         name            origin    length      used     unused   attr    fill
----------------------  --------  ---------  --------  --------  ----  --------
PAGE 0:
  RAMM0                 00000122   000002de  00000000  000002de  RWIX
  RAMLS0                00008000   00000800  0000003b  000007c5  RWIX
  RAMLS1                00008800   00000800  00000000  00000800  RWIX
  RAMLS2                00009000   00000800  00000000  00000800  RWIX
  RAMLS3                00009800   00000800  00000000  00000800  RWIX
  RAMLS4                0000a000   00000800  00000000  00000800  RWIX
  RAMD0                 0000b000   00000800  00000000  00000800  RWIX
  RAMGS14               0001a000   00001000  00000000  00001000  RWIX
  RAMGS15               0001b000   00001000  00000000  00001000  RWIX
  BEGIN                 00080000   00000002  00000002  00000000  RWIX
  FLASHA                00080002   00001ffe  00000000  00001ffe  RWIX
  FLASHB                00082000   00002000  00001bce  00000432  RWIX
  FLASHC                00084000   00002000  00000000  00002000  RWIX
  FLASHD                00086000   00002000  0000003b  00001fc5  RWIX
  FLASHE                00088000   00008000  00000000  00008000  RWIX
  FLASHF                00090000   00008000  000001c0  00007e40  RWIX
  FLASHG                00098000   00008000  00000000  00008000  RWIX
  FLASHH                000a0000   00008000  00000000  00008000  RWIX
  FLASHI                000a8000   00008000  00000000  00008000  RWIX
  FLASHJ                000b0000   00008000  00000000  00008000  RWIX
  FLASHK                000b8000   00002000  00000000  00002000  RWIX
  FLASHL                000ba000   00002000  00000000  00002000  RWIX
  FLASHM                000bc000   00002000  00000000  00002000  RWIX
  FLASHN                000be000   00001ff0  00000000  00001ff0  RWIX
  FLASHN_DO_NOT_USE     000bfff0   00000010  00000000  00000010  RWIX
  RESET                 003fffc0   00000002  00000000  00000002  RWIX

PAGE 1:
  BOOT_RSVD             00000002   00000120  00000000  00000120  RWIX
  RAMM1                 00000400   00000400  00000200  00000200  RWIX
  ADCARESULT            00000b00   00000018  00000018  00000000  RWIX
  ADCBRESULT            00000b20   00000018  00000018  00000000  RWIX
  ADCCRESULT            00000b40   00000018  00000018  00000000  RWIX
  ADCDRESULT            00000b60   00000018  00000018  00000000  RWIX
  CPUTIMER0             00000c00   00000008  00000008  00000000  RWIX
  CPUTIMER1             00000c08   00000008  00000008  00000000  RWIX
  CPUTIMER2             00000c10   00000008  00000008  00000000  RWIX
  PIECTRL               00000ce0   0000001a  0000001a  00000000  RWIX
  PIEVECTTABLE          00000d00   00000200  000001c0  00000040  RWIX
  DMA                   00001000   00000200  000000e0  00000120  RWIX
  CLA1                  00001400   00000080  0000003e  00000042  RWIX
  CLB1LOGICCFG          00003000   00000052  0000003e  00000014  RWIX
  CLB1LOGICCTRL         00003100   00000040  00000040  00000000  RWIX
  CLB1DATAEXCH          00003200   00000200  00000108  000000f8  RWIX
  CLB2LOGICCFG          00003400   00000052  0000003e  00000014  RWIX
  CLB2LOGICCTRL         00003500   00000040  00000040  00000000  RWIX
  CLB2DATAEXCH          00003600   00000200  00000108  000000f8  RWIX
  CLB3LOGICCFG          00003800   00000052  0000003e  00000014  RWIX
  CLB3LOGICCTRL         00003900   00000040  00000040  00000000  RWIX
  CLB3DATAEXCH          00003a00   00000200  00000108  000000f8  RWIX
  CLB4LOGICCFG          00003c00   00000052  0000003e  00000014  RWIX
  CLB4LOGICCTRL         00003d00   00000040  00000040  00000000  RWIX
  CLB4DATAEXCH          00003e00   00000200  00000108  000000f8  RWIX
  EPWM1                 00004000   00000100  00000100  00000000  RWIX
  EPWM2                 00004100   00000100  00000100  00000000  RWIX
  EPWM3                 00004200   00000100  00000100  00000000  RWIX
  EPWM4                 00004300   00000100  00000100  00000000  RWIX
  EPWM5                 00004400   00000100  00000100  00000000  RWIX
  EPWM6                 00004500   00000100  00000100  00000000  RWIX
  EPWM7                 00004600   00000100  00000100  00000000  RWIX
  EPWM8                 00004700   00000100  00000100  00000000  RWIX
  EPWM9                 00004800   00000100  00000100  00000000  RWIX
  EPWM10                00004900   00000100  00000100  00000000  RWIX
  EPWM11                00004a00   00000100  00000100  00000000  RWIX
  EPWM12                00004b00   00000100  00000100  00000000  RWIX
  ECAP1                 00005000   00000020  0000001a  00000006  RWIX
  ECAP2                 00005020   00000020  0000001a  00000006  RWIX
  ECAP3                 00005040   00000020  0000001a  00000006  RWIX
  ECAP4                 00005060   00000020  0000001a  00000006  RWIX
  ECAP5                 00005080   00000020  0000001a  00000006  RWIX
  ECAP6                 000050a0   00000020  0000001a  00000006  RWIX
  EQEP1                 00005100   00000022  00000022  00000000  RWIX
  EQEP2                 00005140   00000022  00000022  00000000  RWIX
  EQEP3                 00005180   00000022  00000022  00000000  RWIX
  DACA                  00005c00   00000008  00000007  00000001  RWIX
  DACB                  00005c10   00000008  00000007  00000001  RWIX
  DACC                  00005c20   00000008  00000007  00000001  RWIX
  CMPSS1                00005c80   00000020  0000001b  00000005  RWIX
  CMPSS2                00005ca0   00000020  0000001b  00000005  RWIX
  CMPSS3                00005cc0   00000020  0000001b  00000005  RWIX
  CMPSS4                00005ce0   00000020  0000001b  00000005  RWIX
  CMPSS5                00005d00   00000020  0000001b  00000005  RWIX
  CMPSS6                00005d20   00000020  0000001b  00000005  RWIX
  CMPSS7                00005d40   00000020  0000001b  00000005  RWIX
  CMPSS8                00005d60   00000020  0000001b  00000005  RWIX
  SDFM1                 00005e00   00000080  00000048  00000038  RWIX
  SDFM2                 00005e80   00000080  00000048  00000038  RWIX
  MCBSPA                00006000   00000024  00000024  00000000  RWIX
  MCBSPB                00006040   00000024  00000024  00000000  RWIX
  SPIA                  00006100   00000010  00000010  00000000  RWIX
  SPIB                  00006110   00000010  00000010  00000000  RWIX
  SPIC                  00006120   00000010  00000010  00000000  RWIX
  UPP                   00006200   00000048  00000048  00000000  RWIX
  WD                    00007000   0000002b  0000002b  00000000  RWIX
  NMIINTRUPT            00007060   00000007  00000007  00000000  RWIX
  XINT                  00007070   0000000b  0000000b  00000000  RWIX
  SCIA                  00007200   00000010  00000010  00000000  RWIX
  SCIB                  00007210   00000010  00000010  00000000  RWIX
  SCIC                  00007220   00000010  00000010  00000000  RWIX
  SCID                  00007230   00000010  00000010  00000000  RWIX
  I2CA                  00007300   00000022  00000022  00000000  RWIX
  I2CB                  00007340   00000022  00000022  00000000  RWIX
  ADCA                  00007400   00000080  0000007c  00000004  RWIX
  ADCB                  00007480   00000080  0000007c  00000004  RWIX
  ADCC                  00007500   00000080  0000007c  00000004  RWIX
  ADCD                  00007580   00000080  0000007c  00000004  RWIX
  INPUTXBAR             00007900   00000020  00000020  00000000  RWIX
  XBAR                  00007920   00000020  0000000e  00000012  RWIX
  SYNCSOC               00007940   00000006  00000006  00000000  RWIX
  DMACLASRCSEL          00007980   0000001a  0000001a  00000000  RWIX
  EPWMXBAR              00007a00   00000040  00000040  00000000  RWIX
  CLBXBAR               00007a40   00000040  00000040  00000000  RWIX
  OUTPUTXBAR            00007a80   00000040  00000040  00000000  RWIX
  GPIOCTRL              00007c00   00000180  00000180  00000000  RWIX
  GPIODATA              00007f00   00000030  00000030  00000000  RWIX
  RAMLS5                0000a800   00000800  000000fe  00000702  RWIX
  RAMD1                 0000b800   00000800  00000000  00000800  RWIX
  RAMGS0                0000c000   00001000  00000000  00001000  RWIX
  RAMGS1                0000d000   00001000  00000000  00001000  RWIX
  RAMGS2                0000e000   00001000  00000000  00001000  RWIX
  RAMGS3                0000f000   00001000  00000000  00001000  RWIX
  RAMGS4                00010000   00001000  00000000  00001000  RWIX
  RAMGS5                00011000   00001000  00000000  00001000  RWIX
  RAMGS6                00012000   00001000  00000000  00001000  RWIX
  RAMGS7                00013000   00001000  00000000  00001000  RWIX
  RAMGS8                00014000   00001000  00000000  00001000  RWIX
  RAMGS9                00015000   00001000  00000000  00001000  RWIX
  RAMGS10               00016000   00001000  00000000  00001000  RWIX
  RAMGS11               00017000   00001000  00000000  00001000  RWIX
  RAMGS12               00018000   00001000  00000000  00001000  RWIX
  RAMGS13               00019000   00001000  00000000  00001000  RWIX
  CPU2TOCPU1RAM         0003f800   00000400  00000000  00000400  RWIX
  CPU1TOCPU2RAM         0003fc00   00000400  00000000  00000400  RWIX
  EMIF1                 00047000   00000070  00000028  00000048  RWIX
  EMIF2                 00047800   00000070  00000028  00000048  RWIX
  CANA                  00048000   00000200  00000164  0000009c  RWIX
  CANB                  0004a000   00000200  00000164  0000009c  RWIX
  IPC                   00050000   00000024  00000024  00000000  RWIX
  FLASHPUMPSEMAPHORE    00050024   00000002  00000002  00000000  RWIX
  DEVCFG                0005d000   0000012e  0000012e  00000000  RWIX
  ANALOGSUBSYS          0005d180   00000048  0000003e  0000000a  RWIX
  CLKCFG                0005d200   00000032  00000032  00000000  RWIX
  CPUSYS                0005d300   00000082  00000082  00000000  RWIX
  ROMPREFETCH           0005e608   00000002  00000002  00000000  RWIX
  DCSMZ1                0005f000   00000024  00000022  00000002  RWIX
  DCSMZ2                0005f040   00000024  00000022  00000002  RWIX
  DCSMCOMMON            0005f070   00000008  00000006  00000002  RWIX
  MEMCFG                0005f400   00000080  00000076  0000000a  RWIX
  EMIF1CONFIG           0005f480   00000020  0000000a  00000016  RWIX
  EMIF2CONFIG           0005f4a0   00000020  0000000a  00000016  RWIX
  ACCESSPROTECTION      0005f4c0   00000040  0000002e  00000012  RWIX
  MEMORYERROR           0005f500   00000040  0000003a  00000006  RWIX
  ROMWAITSTATE          0005f540   00000002  00000002  00000000  RWIX
  FLASH0CTRL            0005f800   00000182  00000182  00000000  RWIX
  FLASH0ECC             0005fb00   00000028  00000028  00000000  RWIX
  UID                   000703c0   00000010  00000010  00000000  RWIX


SECTION ALLOCATION MAP

 output                                  attributes/
section   page    origin      length       input sections
--------  ----  ----------  ----------   ----------------
.cinit     0    00082000    00000232     
                  00082000    000001ca     main.obj (.cinit)
                  000821ca    0000001e     Utils.obj (.cinit)
                  000821e8    00000015     main.obj (.cinit:_F)
                  000821fd    0000000e     rts2800_fpu32.lib : exit.c.obj (.cinit)
                  0008220b    00000009     main.obj (.cinit:_H)
                  00082214    00000009     main.obj (.cinit:_K)
                  0008221d    00000009     main.obj (.cinit:_TB)
                  00082226    00000005     rts2800_fpu32.lib : _lock.c.obj (.cinit:__lock)
                  0008222b    00000005                       : _lock.c.obj (.cinit:__unlock)
                  00082230    00000002     --HOLE-- [fill = 0]

.pinit     0    00082000    00000000     UNINITIALIZED

codestart 
*          0    00080000    00000002     
                  00080000    00000002     F2837xD_CodeStartBranch.obj (codestart)

.TI.ramfunc 
*          0    00086000    0000003b     RUN ADDR = 00008000
                  00086000    00000037     F2837xD_SysCtrl.obj (.TI.ramfunc)
                  00086037    00000004     F2837xD_usDelay.obj (.TI.ramfunc)

.stack     1    00000400    00000200     UNINITIALIZED
                  00000400    00000200     --HOLE--

.reset     0    003fffc0    00000002     DSECT
                  003fffc0    00000002     rts2800_fpu32.lib : boot28.asm.obj (.reset)

GETBUFFER 
*          0    0003f800    00000000     DSECT

GETWRITEIDX 
*          0    0003f800    00000000     DSECT

PUTREADIDX 
*          0    0003f800    00000000     DSECT

.TI.memcrc 
*          0    00000000    00000066     COPY SECTION
                  00000000    00000066     (.TI.memcrc:_ccs_flash_checksum)

.econst    0    00090000    000001c0     
                  00090000    000001c0     F2837xD_PieVect.obj (.econst:_PieVectTableInit)

AdcaResultRegsFile 
*          1    00000b00    00000018     UNINITIALIZED
                  00000b00    00000018     F2837xD_GlobalVariableDefs.obj (AdcaResultRegsFile)

AdcbResultRegsFile 
*          1    00000b20    00000018     UNINITIALIZED
                  00000b20    00000018     F2837xD_GlobalVariableDefs.obj (AdcbResultRegsFile)

AdccResultRegsFile 
*          1    00000b40    00000018     UNINITIALIZED
                  00000b40    00000018     F2837xD_GlobalVariableDefs.obj (AdccResultRegsFile)

AdcdResultRegsFile 
*          1    00000b60    00000018     UNINITIALIZED
                  00000b60    00000018     F2837xD_GlobalVariableDefs.obj (AdcdResultRegsFile)

CpuTimer0RegsFile 
*          1    00000c00    00000008     UNINITIALIZED
                  00000c00    00000008     F2837xD_GlobalVariableDefs.obj (CpuTimer0RegsFile)

CpuTimer1RegsFile 
*          1    00000c08    00000008     UNINITIALIZED
                  00000c08    00000008     F2837xD_GlobalVariableDefs.obj (CpuTimer1RegsFile)

CpuTimer2RegsFile 
*          1    00000c10    00000008     UNINITIALIZED
                  00000c10    00000008     F2837xD_GlobalVariableDefs.obj (CpuTimer2RegsFile)

PieCtrlRegsFile 
*          1    00000ce0    0000001a     UNINITIALIZED
                  00000ce0    0000001a     F2837xD_GlobalVariableDefs.obj (PieCtrlRegsFile)

PieVectTableFile 
*          1    00000d00    000001c0     UNINITIALIZED
                  00000d00    000001c0     F2837xD_GlobalVariableDefs.obj (PieVectTableFile)

EmuKeyVar 
*          1    00000d00    00000000     UNINITIALIZED

EmuBModeVar 
*          1    00000d00    00000000     UNINITIALIZED

EmuBootPinsVar 
*          1    00000d00    00000000     UNINITIALIZED

FlashCallbackVar 
*          1    00000d00    00000000     UNINITIALIZED

FlashScalingVar 
*          1    00000d00    00000000     UNINITIALIZED

DmaRegsFile 
*          1    00001000    000000e0     UNINITIALIZED
                  00001000    000000e0     F2837xD_GlobalVariableDefs.obj (DmaRegsFile)

Cla1RegsFile 
*          1    00001400    0000003e     UNINITIALIZED
                  00001400    0000003e     F2837xD_GlobalVariableDefs.obj (Cla1RegsFile)

Clb1LogicCfgRegsFile 
*          1    00003000    0000003e     UNINITIALIZED
                  00003000    0000003e     F2837xD_GlobalVariableDefs.obj (Clb1LogicCfgRegsFile)

Clb1LogicCtrlRegsFile 
*          1    00003100    00000040     UNINITIALIZED
                  00003100    00000040     F2837xD_GlobalVariableDefs.obj (Clb1LogicCtrlRegsFile)

Clb1DataExchRegsFile 
*          1    00003200    00000108     UNINITIALIZED
                  00003200    00000108     F2837xD_GlobalVariableDefs.obj (Clb1DataExchRegsFile)

Clb2LogicCfgRegsFile 
*          1    00003400    0000003e     UNINITIALIZED
                  00003400    0000003e     F2837xD_GlobalVariableDefs.obj (Clb2LogicCfgRegsFile)

Clb2LogicCtrlRegsFile 
*          1    00003500    00000040     UNINITIALIZED
                  00003500    00000040     F2837xD_GlobalVariableDefs.obj (Clb2LogicCtrlRegsFile)

Clb2DataExchRegsFile 
*          1    00003600    00000108     UNINITIALIZED
                  00003600    00000108     F2837xD_GlobalVariableDefs.obj (Clb2DataExchRegsFile)

Clb3LogicCfgRegsFile 
*          1    00003800    0000003e     UNINITIALIZED
                  00003800    0000003e     F2837xD_GlobalVariableDefs.obj (Clb3LogicCfgRegsFile)

Clb3LogicCtrlRegsFile 
*          1    00003900    00000040     UNINITIALIZED
                  00003900    00000040     F2837xD_GlobalVariableDefs.obj (Clb3LogicCtrlRegsFile)

Clb3DataExchRegsFile 
*          1    00003a00    00000108     UNINITIALIZED
                  00003a00    00000108     F2837xD_GlobalVariableDefs.obj (Clb3DataExchRegsFile)

Clb4LogicCfgRegsFile 
*          1    00003c00    0000003e     UNINITIALIZED
                  00003c00    0000003e     F2837xD_GlobalVariableDefs.obj (Clb4LogicCfgRegsFile)

Clb4LogicCtrlRegsFile 
*          1    00003d00    00000040     UNINITIALIZED
                  00003d00    00000040     F2837xD_GlobalVariableDefs.obj (Clb4LogicCtrlRegsFile)

Clb4DataExchRegsFile 
*          1    00003e00    00000108     UNINITIALIZED
                  00003e00    00000108     F2837xD_GlobalVariableDefs.obj (Clb4DataExchRegsFile)

EPwm1RegsFile 
*          1    00004000    00000100     UNINITIALIZED
                  00004000    00000100     F2837xD_GlobalVariableDefs.obj (EPwm1RegsFile)

EPwm2RegsFile 
*          1    00004100    00000100     UNINITIALIZED
                  00004100    00000100     F2837xD_GlobalVariableDefs.obj (EPwm2RegsFile)

EPwm3RegsFile 
*          1    00004200    00000100     UNINITIALIZED
                  00004200    00000100     F2837xD_GlobalVariableDefs.obj (EPwm3RegsFile)

EPwm4RegsFile 
*          1    00004300    00000100     UNINITIALIZED
                  00004300    00000100     F2837xD_GlobalVariableDefs.obj (EPwm4RegsFile)

EPwm5RegsFile 
*          1    00004400    00000100     UNINITIALIZED
                  00004400    00000100     F2837xD_GlobalVariableDefs.obj (EPwm5RegsFile)

EPwm6RegsFile 
*          1    00004500    00000100     UNINITIALIZED
                  00004500    00000100     F2837xD_GlobalVariableDefs.obj (EPwm6RegsFile)

EPwm7RegsFile 
*          1    00004600    00000100     UNINITIALIZED
                  00004600    00000100     F2837xD_GlobalVariableDefs.obj (EPwm7RegsFile)

EPwm8RegsFile 
*          1    00004700    00000100     UNINITIALIZED
                  00004700    00000100     F2837xD_GlobalVariableDefs.obj (EPwm8RegsFile)

EPwm9RegsFile 
*          1    00004800    00000100     UNINITIALIZED
                  00004800    00000100     F2837xD_GlobalVariableDefs.obj (EPwm9RegsFile)

EPwm10RegsFile 
*          1    00004900    00000100     UNINITIALIZED
                  00004900    00000100     F2837xD_GlobalVariableDefs.obj (EPwm10RegsFile)

EPwm11RegsFile 
*          1    00004a00    00000100     UNINITIALIZED
                  00004a00    00000100     F2837xD_GlobalVariableDefs.obj (EPwm11RegsFile)

EPwm12RegsFile 
*          1    00004b00    00000100     UNINITIALIZED
                  00004b00    00000100     F2837xD_GlobalVariableDefs.obj (EPwm12RegsFile)

ECap1RegsFile 
*          1    00005000    0000001a     UNINITIALIZED
                  00005000    0000001a     F2837xD_GlobalVariableDefs.obj (ECap1RegsFile)

ECap2RegsFile 
*          1    00005020    0000001a     UNINITIALIZED
                  00005020    0000001a     F2837xD_GlobalVariableDefs.obj (ECap2RegsFile)

ECap3RegsFile 
*          1    00005040    0000001a     UNINITIALIZED
                  00005040    0000001a     F2837xD_GlobalVariableDefs.obj (ECap3RegsFile)

ECap4RegsFile 
*          1    00005060    0000001a     UNINITIALIZED
                  00005060    0000001a     F2837xD_GlobalVariableDefs.obj (ECap4RegsFile)

ECap5RegsFile 
*          1    00005080    0000001a     UNINITIALIZED
                  00005080    0000001a     F2837xD_GlobalVariableDefs.obj (ECap5RegsFile)

ECap6RegsFile 
*          1    000050a0    0000001a     UNINITIALIZED
                  000050a0    0000001a     F2837xD_GlobalVariableDefs.obj (ECap6RegsFile)

EQep1RegsFile 
*          1    00005100    00000022     UNINITIALIZED
                  00005100    00000022     F2837xD_GlobalVariableDefs.obj (EQep1RegsFile)

EQep2RegsFile 
*          1    00005140    00000022     UNINITIALIZED
                  00005140    00000022     F2837xD_GlobalVariableDefs.obj (EQep2RegsFile)

EQep3RegsFile 
*          1    00005180    00000022     UNINITIALIZED
                  00005180    00000022     F2837xD_GlobalVariableDefs.obj (EQep3RegsFile)

DacaRegsFile 
*          1    00005c00    00000007     UNINITIALIZED
                  00005c00    00000007     F2837xD_GlobalVariableDefs.obj (DacaRegsFile)

DacbRegsFile 
*          1    00005c10    00000007     UNINITIALIZED
                  00005c10    00000007     F2837xD_GlobalVariableDefs.obj (DacbRegsFile)

DaccRegsFile 
*          1    00005c20    00000007     UNINITIALIZED
                  00005c20    00000007     F2837xD_GlobalVariableDefs.obj (DaccRegsFile)

Cmpss1RegsFile 
*          1    00005c80    0000001b     UNINITIALIZED
                  00005c80    0000001b     F2837xD_GlobalVariableDefs.obj (Cmpss1RegsFile)

Cmpss2RegsFile 
*          1    00005ca0    0000001b     UNINITIALIZED
                  00005ca0    0000001b     F2837xD_GlobalVariableDefs.obj (Cmpss2RegsFile)

Cmpss3RegsFile 
*          1    00005cc0    0000001b     UNINITIALIZED
                  00005cc0    0000001b     F2837xD_GlobalVariableDefs.obj (Cmpss3RegsFile)

Cmpss4RegsFile 
*          1    00005ce0    0000001b     UNINITIALIZED
                  00005ce0    0000001b     F2837xD_GlobalVariableDefs.obj (Cmpss4RegsFile)

Cmpss5RegsFile 
*          1    00005d00    0000001b     UNINITIALIZED
                  00005d00    0000001b     F2837xD_GlobalVariableDefs.obj (Cmpss5RegsFile)

Cmpss6RegsFile 
*          1    00005d20    0000001b     UNINITIALIZED
                  00005d20    0000001b     F2837xD_GlobalVariableDefs.obj (Cmpss6RegsFile)

Cmpss7RegsFile 
*          1    00005d40    0000001b     UNINITIALIZED
                  00005d40    0000001b     F2837xD_GlobalVariableDefs.obj (Cmpss7RegsFile)

Cmpss8RegsFile 
*          1    00005d60    0000001b     UNINITIALIZED
                  00005d60    0000001b     F2837xD_GlobalVariableDefs.obj (Cmpss8RegsFile)

Sdfm1RegsFile 
*          1    00005e00    00000048     UNINITIALIZED
                  00005e00    00000048     F2837xD_GlobalVariableDefs.obj (Sdfm1RegsFile)

Sdfm2RegsFile 
*          1    00005e80    00000048     UNINITIALIZED
                  00005e80    00000048     F2837xD_GlobalVariableDefs.obj (Sdfm2RegsFile)

McbspaRegsFile 
*          1    00006000    00000024     UNINITIALIZED
                  00006000    00000024     F2837xD_GlobalVariableDefs.obj (McbspaRegsFile)

McbspbRegsFile 
*          1    00006040    00000024     UNINITIALIZED
                  00006040    00000024     F2837xD_GlobalVariableDefs.obj (McbspbRegsFile)

SpiaRegsFile 
*          1    00006100    00000010     UNINITIALIZED
                  00006100    00000010     F2837xD_GlobalVariableDefs.obj (SpiaRegsFile)

SpibRegsFile 
*          1    00006110    00000010     UNINITIALIZED
                  00006110    00000010     F2837xD_GlobalVariableDefs.obj (SpibRegsFile)

SpicRegsFile 
*          1    00006120    00000010     UNINITIALIZED
                  00006120    00000010     F2837xD_GlobalVariableDefs.obj (SpicRegsFile)

UppRegsFile 
*          1    00006200    00000048     UNINITIALIZED
                  00006200    00000048     F2837xD_GlobalVariableDefs.obj (UppRegsFile)

WdRegsFile 
*          1    00007000    0000002b     UNINITIALIZED
                  00007000    0000002b     F2837xD_GlobalVariableDefs.obj (WdRegsFile)

NmiIntruptRegsFile 
*          1    00007060    00000007     UNINITIALIZED
                  00007060    00000007     F2837xD_GlobalVariableDefs.obj (NmiIntruptRegsFile)

XintRegsFile 
*          1    00007070    0000000b     UNINITIALIZED
                  00007070    0000000b     F2837xD_GlobalVariableDefs.obj (XintRegsFile)

SciaRegsFile 
*          1    00007200    00000010     UNINITIALIZED
                  00007200    00000010     F2837xD_GlobalVariableDefs.obj (SciaRegsFile)

ScibRegsFile 
*          1    00007210    00000010     UNINITIALIZED
                  00007210    00000010     F2837xD_GlobalVariableDefs.obj (ScibRegsFile)

ScicRegsFile 
*          1    00007220    00000010     UNINITIALIZED
                  00007220    00000010     F2837xD_GlobalVariableDefs.obj (ScicRegsFile)

ScidRegsFile 
*          1    00007230    00000010     UNINITIALIZED
                  00007230    00000010     F2837xD_GlobalVariableDefs.obj (ScidRegsFile)

I2caRegsFile 
*          1    00007300    00000022     UNINITIALIZED
                  00007300    00000022     F2837xD_GlobalVariableDefs.obj (I2caRegsFile)

I2cbRegsFile 
*          1    00007340    00000022     UNINITIALIZED
                  00007340    00000022     F2837xD_GlobalVariableDefs.obj (I2cbRegsFile)

AdcaRegsFile 
*          1    00007400    0000007c     UNINITIALIZED
                  00007400    0000007c     F2837xD_GlobalVariableDefs.obj (AdcaRegsFile)

AdcbRegsFile 
*          1    00007480    0000007c     UNINITIALIZED
                  00007480    0000007c     F2837xD_GlobalVariableDefs.obj (AdcbRegsFile)

AdccRegsFile 
*          1    00007500    0000007c     UNINITIALIZED
                  00007500    0000007c     F2837xD_GlobalVariableDefs.obj (AdccRegsFile)

AdcdRegsFile 
*          1    00007580    0000007c     UNINITIALIZED
                  00007580    0000007c     F2837xD_GlobalVariableDefs.obj (AdcdRegsFile)

InputXbarRegsFile 
*          1    00007900    00000020     UNINITIALIZED
                  00007900    00000020     F2837xD_GlobalVariableDefs.obj (InputXbarRegsFile)

XbarRegsFile 
*          1    00007920    0000000e     UNINITIALIZED
                  00007920    0000000e     F2837xD_GlobalVariableDefs.obj (XbarRegsFile)

SyncSocRegsFile 
*          1    00007940    00000006     UNINITIALIZED
                  00007940    00000006     F2837xD_GlobalVariableDefs.obj (SyncSocRegsFile)

DmaClaSrcSelRegsFile 
*          1    00007980    0000001a     UNINITIALIZED
                  00007980    0000001a     F2837xD_GlobalVariableDefs.obj (DmaClaSrcSelRegsFile)

EPwmXbarRegsFile 
*          1    00007a00    00000040     UNINITIALIZED
                  00007a00    00000040     F2837xD_GlobalVariableDefs.obj (EPwmXbarRegsFile)

ClbXbarRegsFile 
*          1    00007a40    00000040     UNINITIALIZED
                  00007a40    00000040     F2837xD_GlobalVariableDefs.obj (ClbXbarRegsFile)

OutputXbarRegsFile 
*          1    00007a80    00000040     UNINITIALIZED
                  00007a80    00000040     F2837xD_GlobalVariableDefs.obj (OutputXbarRegsFile)

GpioCtrlRegsFile 
*          1    00007c00    00000180     UNINITIALIZED
                  00007c00    00000180     F2837xD_GlobalVariableDefs.obj (GpioCtrlRegsFile)

GpioDataRegsFile 
*          1    00007f00    00000030     UNINITIALIZED
                  00007f00    00000030     F2837xD_GlobalVariableDefs.obj (GpioDataRegsFile)

Emif1RegsFile 
*          1    00047000    00000028     UNINITIALIZED
                  00047000    00000028     F2837xD_GlobalVariableDefs.obj (Emif1RegsFile)

Emif2RegsFile 
*          1    00047800    00000028     UNINITIALIZED
                  00047800    00000028     F2837xD_GlobalVariableDefs.obj (Emif2RegsFile)

CanaRegsFile 
*          1    00048000    00000164     UNINITIALIZED
                  00048000    00000164     F2837xD_GlobalVariableDefs.obj (CanaRegsFile)

CanbRegsFile 
*          1    0004a000    00000164     UNINITIALIZED
                  0004a000    00000164     F2837xD_GlobalVariableDefs.obj (CanbRegsFile)

IpcRegsFile 
*          1    00050000    00000024     UNINITIALIZED
                  00050000    00000024     F2837xD_GlobalVariableDefs.obj (IpcRegsFile)

FlashPumpSemaphoreRegsFile 
*          1    00050024    00000002     UNINITIALIZED
                  00050024    00000002     F2837xD_GlobalVariableDefs.obj (FlashPumpSemaphoreRegsFile)

DevCfgRegsFile 
*          1    0005d000    0000012e     UNINITIALIZED
                  0005d000    0000012e     F2837xD_GlobalVariableDefs.obj (DevCfgRegsFile)

AnalogSubsysRegsFile 
*          1    0005d180    0000003e     UNINITIALIZED
                  0005d180    0000003e     F2837xD_GlobalVariableDefs.obj (AnalogSubsysRegsFile)

ClkCfgRegsFile 
*          1    0005d200    00000032     UNINITIALIZED
                  0005d200    00000032     F2837xD_GlobalVariableDefs.obj (ClkCfgRegsFile)

CpuSysRegsFile 
*          1    0005d300    00000082     UNINITIALIZED
                  0005d300    00000082     F2837xD_GlobalVariableDefs.obj (CpuSysRegsFile)

DcsmZ1RegsFile 
*          1    0005f000    00000022     UNINITIALIZED
                  0005f000    00000022     F2837xD_GlobalVariableDefs.obj (DcsmZ1RegsFile)

DcsmZ2RegsFile 
*          1    0005f040    00000022     UNINITIALIZED
                  0005f040    00000022     F2837xD_GlobalVariableDefs.obj (DcsmZ2RegsFile)

DcsmCommonRegsFile 
*          1    0005f070    00000006     UNINITIALIZED
                  0005f070    00000006     F2837xD_GlobalVariableDefs.obj (DcsmCommonRegsFile)

MemCfgRegsFile 
*          1    0005f400    00000076     UNINITIALIZED
                  0005f400    00000076     F2837xD_GlobalVariableDefs.obj (MemCfgRegsFile)

Emif1ConfigRegsFile 
*          1    0005f480    0000000a     UNINITIALIZED
                  0005f480    0000000a     F2837xD_GlobalVariableDefs.obj (Emif1ConfigRegsFile)

Emif2ConfigRegsFile 
*          1    0005f4a0    0000000a     UNINITIALIZED
                  0005f4a0    0000000a     F2837xD_GlobalVariableDefs.obj (Emif2ConfigRegsFile)

AccessProtectionRegsFile 
*          1    0005f4c0    0000002e     UNINITIALIZED
                  0005f4c0    0000002e     F2837xD_GlobalVariableDefs.obj (AccessProtectionRegsFile)

MemoryErrorRegsFile 
*          1    0005f500    0000003a     UNINITIALIZED
                  0005f500    0000003a     F2837xD_GlobalVariableDefs.obj (MemoryErrorRegsFile)

Flash0CtrlRegsFile 
*          1    0005f800    00000182     UNINITIALIZED
                  0005f800    00000182     F2837xD_GlobalVariableDefs.obj (Flash0CtrlRegsFile)

Flash0EccRegsFile 
*          1    0005fb00    00000028     UNINITIALIZED
                  0005fb00    00000028     F2837xD_GlobalVariableDefs.obj (Flash0EccRegsFile)

RomPrefetchRegsFile 
*          1    0005e608    00000002     UNINITIALIZED
                  0005e608    00000002     F2837xD_GlobalVariableDefs.obj (RomPrefetchRegsFile)

RomWaitStateRegsFile 
*          1    0005f540    00000002     UNINITIALIZED
                  0005f540    00000002     F2837xD_GlobalVariableDefs.obj (RomWaitStateRegsFile)

UidRegsFile 
*          1    000703c0    00000010     UNINITIALIZED
                  000703c0    00000010     F2837xD_GlobalVariableDefs.obj (UidRegsFile)

.text      0    00082234    0000199c     
                  00082234    00000585     F2837xD_DefaultISR.obj (.text:retain)
                  000827b9    000004b4     F2837xD_SysCtrl.obj (.text)
                  00082c6d    000003cb     main.obj (.text:retain)
                  00083038    0000024a     Utils.obj (.text)
                  00083282    00000244     F2837xD_Gpio.obj (.text)
                  000834c6    000001fa     Peripherals.obj (.text)
                  000836c0    000000fd     F2837xD_EPwm.obj (.text)
                  000837bd    000000f0     F2837xD_Adc.obj (.text)
                  000838ad    00000088     rts2800_fpu32.lib : fs_div28.asm.obj (.text)
                  00083935    00000066                       : s_sinf.c.obj (.text)
                  0008399b    00000063                       : s_cosf.c.obj (.text)
                  000839fe    0000005f     main.obj (.text)
                  00083a5d    00000056     rts2800_fpu32.lib : boot28.asm.obj (.text)
                  00083ab3    0000003f     stateMachine.obj (.text)
                  00083af2    00000029     rts2800_fpu32.lib : exit.c.obj (.text)
                  00083b1b    00000028     F2837xD_PieCtrl.obj (.text)
                  00083b43    00000026     F2837xD_PieVect.obj (.text)
                  00083b69    00000024     rts2800_fpu32.lib : cpy_tbl.c.obj (.text)
                  00083b8d    0000001d                       : memcpy.c.obj (.text)
                  00083baa    00000012                       : args_main.c.obj (.text)
                  00083bbc    00000009                       : _lock.c.obj (.text)
                  00083bc5    00000008     F2837xD_CodeStartBranch.obj (.text)
                  00083bcd    00000002     rts2800_fpu32.lib : pre_init.c.obj (.text)
                  00083bcf    00000001                       : startup.c.obj (.text)

.ebss      1    0000a800    000000fe     UNINITIALIZED
                  0000a800    000000c4     main.obj (.ebss)
                  0000a8c4    00000012     main.obj (.ebss:_F)
                  0000a8d6    0000000c     Utils.obj (.ebss)
                  0000a8e2    00000006     main.obj (.ebss:_H)
                  0000a8e8    00000006     main.obj (.ebss:_K)
                  0000a8ee    00000006     main.obj (.ebss:_TB)
                  0000a8f4    00000006     rts2800_fpu32.lib : exit.c.obj (.ebss)
                  0000a8fa    00000002                       : _lock.c.obj (.ebss:__lock)
                  0000a8fc    00000002                       : _lock.c.obj (.ebss:__unlock)

MODULE SUMMARY

       Module                           code   initialized data   uninitialized data
       ------                           ----   ----------------   ------------------
    .\
       F2837xD_GlobalVariableDefs.obj   0      0                  9870              
       main.obj                         1066   506                232               
       F2837xD_DefaultISR.obj           1413   0                  0                 
       F2837xD_SysCtrl.obj              1314   0                  0                 
       Utils.obj                        586    30                 12                
       F2837xD_Gpio.obj                 580    0                  0                 
       Peripherals.obj                  506    0                  0                 
       F2837xD_PieVect.obj              38     448                0                 
       F2837xD_EPwm.obj                 253    0                  0                 
       F2837xD_Adc.obj                  240    0                  0                 
       stateMachine.obj                 63     0                  0                 
       F2837xD_PieCtrl.obj              40     0                  0                 
       F2837xD_CodeStartBranch.obj      10     0                  0                 
       F2837xD_usDelay.obj              8      0                  0                 
    +--+--------------------------------+------+------------------+--------------------+
       Total:                           6117   984                10114             
                                                                                    
    C:\ti\ccs1230\ccs\tools\compiler\ti-cgt-c2000_22.6.0.LTS\lib\rts2800_fpu32.lib
       fs_div28.asm.obj                 136    0                  0                 
       s_sinf.c.obj                     102    0                  0                 
       s_cosf.c.obj                     99     0                  0                 
       boot28.asm.obj                   86     0                  0                 
       exit.c.obj                       41     14                 6                 
       cpy_tbl.c.obj                    36     0                  0                 
       memcpy.c.obj                     29     0                  0                 
       _lock.c.obj                      9      10                 4                 
       args_main.c.obj                  18     0                  0                 
       pre_init.c.obj                   2      0                  0                 
       startup.c.obj                    1      0                  0                 
    +--+--------------------------------+------+------------------+--------------------+
       Total:                           559    24                 10                
                                                                                    
       Stack:                           0      0                  512               
    +--+--------------------------------+------+------------------+--------------------+
       Grand Total:                     6676   1008               10636             


LINKER GENERATED MEMRANGE CRC TABLES

_ccs_flash_checksum @ 00000000 records: 16, size/record: 6, table size: 102, algorithm=C28_CHECKSUM_16(ID=13), CRC: 0000baa1
	BEGIN: page=0, load addr=00080000, size=00000002
	FLASHA: page=0, load addr=00080002, size=00001ffe
	FLASHB: page=0, load addr=00082000, size=00002000
	FLASHC: page=0, load addr=00084000, size=00002000
	FLASHD: page=0, load addr=00086000, size=00002000
	FLASHE: page=0, load addr=00088000, size=00008000
	FLASHF: page=0, load addr=00090000, size=00008000
	FLASHG: page=0, load addr=00098000, size=00008000
	FLASHH: page=0, load addr=000a0000, size=00008000
	FLASHI: page=0, load addr=000a8000, size=00008000
	FLASHJ: page=0, load addr=000b0000, size=00008000
	FLASHK: page=0, load addr=000b8000, size=00002000
	FLASHL: page=0, load addr=000ba000, size=00002000
	FLASHM: page=0, load addr=000bc000, size=00002000
	FLASHN: page=0, load addr=000be000, size=00001ff0
	FLASHN_DO_NOT_USE: page=0, load addr=000bfff0, size=00000010


GLOBAL DATA SYMBOLS: SORTED BY DATA PAGE

address     data page           name
--------    ----------------    ----
00000400      10 (00000400)     __stack

00000b00      2c (00000b00)     _AdcaResultRegs
00000b20      2c (00000b00)     _AdcbResultRegs

00000b40      2d (00000b40)     _AdccResultRegs
00000b60      2d (00000b40)     _AdcdResultRegs

00000c00      30 (00000c00)     _CpuTimer0Regs
00000c08      30 (00000c00)     _CpuTimer1Regs
00000c10      30 (00000c00)     _CpuTimer2Regs

00000ce0      33 (00000cc0)     _PieCtrlRegs

00000d00      34 (00000d00)     _PieVectTable

00001000      40 (00001000)     _DmaRegs

00001400      50 (00001400)     _Cla1Regs

00003000      c0 (00003000)     _Clb1LogicCfgRegs

00003100      c4 (00003100)     _Clb1LogicCtrlRegs

00003200      c8 (00003200)     _Clb1DataExchRegs

00003400      d0 (00003400)     _Clb2LogicCfgRegs

00003500      d4 (00003500)     _Clb2LogicCtrlRegs

00003600      d8 (00003600)     _Clb2DataExchRegs

00003800      e0 (00003800)     _Clb3LogicCfgRegs

00003900      e4 (00003900)     _Clb3LogicCtrlRegs

00003a00      e8 (00003a00)     _Clb3DataExchRegs

00003c00      f0 (00003c00)     _Clb4LogicCfgRegs

00003d00      f4 (00003d00)     _Clb4LogicCtrlRegs

00003e00      f8 (00003e00)     _Clb4DataExchRegs

00004000     100 (00004000)     _EPwm1Regs

00004100     104 (00004100)     _EPwm2Regs

00004200     108 (00004200)     _EPwm3Regs

00004300     10c (00004300)     _EPwm4Regs

00004400     110 (00004400)     _EPwm5Regs

00004500     114 (00004500)     _EPwm6Regs

00004600     118 (00004600)     _EPwm7Regs

00004700     11c (00004700)     _EPwm8Regs

00004800     120 (00004800)     _EPwm9Regs

00004900     124 (00004900)     _EPwm10Regs

00004a00     128 (00004a00)     _EPwm11Regs

00004b00     12c (00004b00)     _EPwm12Regs

00005000     140 (00005000)     _ECap1Regs
00005020     140 (00005000)     _ECap2Regs

00005040     141 (00005040)     _ECap3Regs
00005060     141 (00005040)     _ECap4Regs

00005080     142 (00005080)     _ECap5Regs
000050a0     142 (00005080)     _ECap6Regs

00005100     144 (00005100)     _EQep1Regs

00005140     145 (00005140)     _EQep2Regs

00005180     146 (00005180)     _EQep3Regs

00005c00     170 (00005c00)     _DacaRegs
00005c10     170 (00005c00)     _DacbRegs
00005c20     170 (00005c00)     _DaccRegs

00005c80     172 (00005c80)     _Cmpss1Regs
00005ca0     172 (00005c80)     _Cmpss2Regs

00005cc0     173 (00005cc0)     _Cmpss3Regs
00005ce0     173 (00005cc0)     _Cmpss4Regs

00005d00     174 (00005d00)     _Cmpss5Regs
00005d20     174 (00005d00)     _Cmpss6Regs

00005d40     175 (00005d40)     _Cmpss7Regs
00005d60     175 (00005d40)     _Cmpss8Regs

00005e00     178 (00005e00)     _Sdfm1Regs

00005e80     17a (00005e80)     _Sdfm2Regs

00006000     180 (00006000)     _McbspaRegs

00006040     181 (00006040)     _McbspbRegs

00006100     184 (00006100)     _SpiaRegs
00006110     184 (00006100)     _SpibRegs
00006120     184 (00006100)     _SpicRegs

00006200     188 (00006200)     _UppRegs

00007000     1c0 (00007000)     _WdRegs

00007060     1c1 (00007040)     _NmiIntruptRegs
00007070     1c1 (00007040)     _XintRegs

00007200     1c8 (00007200)     _SciaRegs
00007210     1c8 (00007200)     _ScibRegs
00007220     1c8 (00007200)     _ScicRegs
00007230     1c8 (00007200)     _ScidRegs

00007300     1cc (00007300)     _I2caRegs

00007340     1cd (00007340)     _I2cbRegs

00007400     1d0 (00007400)     _AdcaRegs

00007480     1d2 (00007480)     _AdcbRegs

00007500     1d4 (00007500)     _AdccRegs

00007580     1d6 (00007580)     _AdcdRegs

00007900     1e4 (00007900)     _InputXbarRegs
00007920     1e4 (00007900)     _XbarRegs

00007940     1e5 (00007940)     _SyncSocRegs

00007980     1e6 (00007980)     _DmaClaSrcSelRegs

00007a00     1e8 (00007a00)     _EPwmXbarRegs

00007a40     1e9 (00007a40)     _ClbXbarRegs

00007a80     1ea (00007a80)     _OutputXbarRegs

00007c00     1f0 (00007c00)     _GpioCtrlRegs

00007f00     1fc (00007f00)     _GpioDataRegs

0000a800     2a0 (0000a800)     _sensorA
0000a801     2a0 (0000a800)     _sensorB
0000a802     2a0 (0000a800)     _sensorC
0000a803     2a0 (0000a800)     _sensorD
0000a804     2a0 (0000a800)     _sensorE
0000a805     2a0 (0000a800)     _sensorF
0000a806     2a0 (0000a800)     _sensorG
0000a807     2a0 (0000a800)     _sensorH
0000a808     2a0 (0000a800)     _sensorI
0000a809     2a0 (0000a800)     _sensorJ
0000a80a     2a0 (0000a800)     _sensorK
0000a80b     2a0 (0000a800)     _sensorL
0000a80c     2a0 (0000a800)     _sensorM
0000a80d     2a0 (0000a800)     _ON_OBSV
0000a80e     2a0 (0000a800)     _angulo_saida
0000a80f     2a0 (0000a800)     _dcbus
0000a810     2a0 (0000a800)     _erro
0000a812     2a0 (0000a800)     _igA
0000a814     2a0 (0000a800)     _igB
0000a816     2a0 (0000a800)     _igC
0000a818     2a0 (0000a800)     _vcapA
0000a81a     2a0 (0000a800)     _vcapB
0000a81c     2a0 (0000a800)     _vcapC
0000a81e     2a0 (0000a800)     _itA
0000a820     2a0 (0000a800)     _itB
0000a822     2a0 (0000a800)     _itC
0000a824     2a0 (0000a800)     _vpacA
0000a826     2a0 (0000a800)     _vpacB
0000a828     2a0 (0000a800)     _vpacC
0000a82a     2a0 (0000a800)     _vdc
0000a82c     2a0 (0000a800)     _vdcAnterior
0000a82e     2a0 (0000a800)     _Defasado
0000a830     2a0 (0000a800)     _vdc_filter
0000a832     2a0 (0000a800)     _Vdc_U
0000a834     2a0 (0000a800)     _Vdc_Ref
0000a836     2a0 (0000a800)     _iq_ref
0000a838     2a0 (0000a800)     _id_ref
0000a83a     2a0 (0000a800)     _uq_ref
0000a83c     2a0 (0000a800)     _ud_ref
0000a83e     2a0 (0000a800)     _ig_ref

0000a840     2a1 (0000a840)     _ig_ref_ampli
0000a842     2a1 (0000a840)     _error
0000a844     2a1 (0000a840)     _inte_error
0000a846     2a1 (0000a840)     _error_after_sum
0000a848     2a1 (0000a840)     _inte_error_after_sum
0000a84a     2a1 (0000a840)     _inte2_error_after_sum
0000a84c     2a1 (0000a840)     _after_wn2
0000a84e     2a1 (0000a840)     _after_xi
0000a850     2a1 (0000a840)     _element1
0000a852     2a1 (0000a840)     _element2
0000a854     2a1 (0000a840)     _element3
0000a856     2a1 (0000a840)     _element4
0000a858     2a1 (0000a840)     _element5
0000a85a     2a1 (0000a840)     _element6
0000a85c     2a1 (0000a840)     _z1
0000a85e     2a1 (0000a840)     _z2
0000a860     2a1 (0000a840)     _z3
0000a862     2a1 (0000a840)     _z1_dot
0000a864     2a1 (0000a840)     _z2_dot
0000a866     2a1 (0000a840)     _z3_dot
0000a868     2a1 (0000a840)     _x1_est
0000a86a     2a1 (0000a840)     _x2_est
0000a86c     2a1 (0000a840)     _x3_est
0000a86e     2a1 (0000a840)     _it_final
0000a870     2a1 (0000a840)     _vcf_final
0000a872     2a1 (0000a840)     _ig_final
0000a874     2a1 (0000a840)     _m
0000a876     2a1 (0000a840)     _m_PWM
0000a878     2a1 (0000a840)     _K1
0000a87a     2a1 (0000a840)     _K2
0000a87c     2a1 (0000a840)     _K3
0000a87e     2a1 (0000a840)     _K4

0000a880     2a2 (0000a880)     _K5
0000a882     2a2 (0000a880)     _K6
0000a884     2a2 (0000a880)     _display_itA
0000a886     2a2 (0000a880)     _display_itA_hat
0000a888     2a2 (0000a880)     _display_vcf
0000a88a     2a2 (0000a880)     _display_vcf_hat
0000a88c     2a2 (0000a880)     _display_ig
0000a88e     2a2 (0000a880)     _display_ig_ref
0000a890     2a2 (0000a880)     _display_Vg_est
0000a892     2a2 (0000a880)     _dig
0000a894     2a2 (0000a880)     _ig_anterior
0000a896     2a2 (0000a880)     _Lg
0000a898     2a2 (0000a880)     _Vg_est
0000a89a     2a2 (0000a880)     _z_SOGI
0000a89c     2a2 (0000a880)     _V_linha_SOGI
0000a89e     2a2 (0000a880)     _qV_linha_SOGI
0000a8a0     2a2 (0000a880)     _inte_a_SOGI
0000a8a2     2a2 (0000a880)     _omega
0000a8a4     2a2 (0000a880)     _angulo
0000a8a6     2a2 (0000a880)     _ua
0000a8a8     2a2 (0000a880)     _ub
0000a8aa     2a2 (0000a880)     _uc
0000a8ac     2a2 (0000a880)     _stateMachine
0000a8b0     2a2 (0000a880)     _I_Clarke
0000a8b4     2a2 (0000a880)     _V_Clarke
0000a8b8     2a2 (0000a880)     _U_Clarke
0000a8bc     2a2 (0000a880)     _I_Park

0000a8c0     2a3 (0000a8c0)     _V_Park
0000a8c4     2a3 (0000a8c0)     _F
0000a8d6     2a3 (0000a8c0)     _cos_angulo
0000a8d8     2a3 (0000a8c0)     _sin_angulo
0000a8da     2a3 (0000a8c0)     _int_srf
0000a8dc     2a3 (0000a8c0)     _int_id
0000a8de     2a3 (0000a8c0)     _int_iq
0000a8e0     2a3 (0000a8c0)     _int_vdc
0000a8e2     2a3 (0000a8c0)     _H
0000a8e8     2a3 (0000a8c0)     _K
0000a8ee     2a3 (0000a8c0)     _TB
0000a8f4     2a3 (0000a8c0)     ___TI_enable_exit_profile_output
0000a8f6     2a3 (0000a8c0)     ___TI_cleanup_ptr
0000a8f8     2a3 (0000a8c0)     ___TI_dtors_ptr
0000a8fa     2a3 (0000a8c0)     __lock
0000a8fc     2a3 (0000a8c0)     __unlock

00047000    11c0 (00047000)     _Emif1Regs

00047800    11e0 (00047800)     _Emif2Regs

00048000    1200 (00048000)     _CanaRegs

0004a000    1280 (0004a000)     _CanbRegs

00050000    1400 (00050000)     _IpcRegs
00050024    1400 (00050000)     _FlashPumpSemaphoreRegs

0005d000    1740 (0005d000)     _DevCfgRegs

0005d180    1746 (0005d180)     _AnalogSubsysRegs

0005d200    1748 (0005d200)     _ClkCfgRegs

0005d300    174c (0005d300)     _CpuSysRegs

0005e608    1798 (0005e600)     _RomPrefetchRegs

0005f000    17c0 (0005f000)     _DcsmZ1Regs

0005f040    17c1 (0005f040)     _DcsmZ2Regs
0005f070    17c1 (0005f040)     _DcsmCommonRegs

0005f400    17d0 (0005f400)     _MemCfgRegs

0005f480    17d2 (0005f480)     _Emif1ConfigRegs
0005f4a0    17d2 (0005f480)     _Emif2ConfigRegs

0005f4c0    17d3 (0005f4c0)     _AccessProtectionRegs

0005f500    17d4 (0005f500)     _MemoryErrorRegs

0005f540    17d5 (0005f540)     _RomWaitStateRegs

0005f800    17e0 (0005f800)     _Flash0CtrlRegs

0005fb00    17ec (0005fb00)     _Flash0EccRegs

000703c0    1c0f (000703c0)     _UidRegs

00090000    2400 (00090000)     _PieVectTableInit


GLOBAL SYMBOLS: SORTED ALPHABETICALLY BY Name 

page  address   name                                  
----  -------   ----                                  
abs   ffffffff  .text                                 
0     00083af2  C$$EXIT                               
0     000838ad  FS$$DIV                               
0     000822f2  _ADCA1_ISR                            
0     00082572  _ADCA2_ISR                            
0     0008257c  _ADCA3_ISR                            
0     00082586  _ADCA4_ISR                            
0     00082568  _ADCA_EVT_ISR                         
0     000822fc  _ADCB1_ISR                            
0     0008259a  _ADCB2_ISR                            
0     000825a4  _ADCB3_ISR                            
0     000825ae  _ADCB4_ISR                            
0     00082590  _ADCB_EVT_ISR                         
0     00082306  _ADCC1_ISR                            
0     00082702  _ADCC2_ISR                            
0     0008270c  _ADCC3_ISR                            
0     00082716  _ADCC4_ISR                            
0     000826f8  _ADCC_EVT_ISR                         
0     00082324  _ADCD1_ISR                            
0     0008272a  _ADCD2_ISR                            
0     00082734  _ADCD3_ISR                            
0     0008273e  _ADCD4_ISR                            
0     00082720  _ADCD_EVT_ISR                         
0     0008277a  _AUX_PLL_SLIP_ISR                     
1     0005f4c0  _AccessProtectionRegs                 
0     000837bd  _AdcSetMode                           
1     00007400  _AdcaRegs                             
1     00000b00  _AdcaResultRegs                       
1     00007480  _AdcbRegs                             
1     00000b20  _AdcbResultRegs                       
1     00007500  _AdccRegs                             
1     00000b40  _AdccResultRegs                       
1     00007580  _AdcdRegs                             
1     00000b60  _AdcdResultRegs                       
1     0005d180  _AnalogSubsysRegs                     
0     00083a51  _App_transAnyToError                  
0     00083a45  _App_transBYPASS2DCBUS                
0     00083a4c  _App_transDCBUS2WORKING               
0     00083a3b  _App_transPLL2SHUNT                   
0     00083a40  _App_transSHUNT2BYPASS                
0     00082bfc  _AuxAuxClkSel                         
0     00082be6  _AuxIntOsc2Sel                        
0     00082bf0  _AuxXtalOscSel                        
0     00082540  _CANA0_ISR                            
0     0008254a  _CANA1_ISR                            
0     00082554  _CANB0_ISR                            
0     0008255e  _CANB1_ISR                            
0     000825b8  _CLA1_1_ISR                           
0     000825c2  _CLA1_2_ISR                           
0     000825cc  _CLA1_3_ISR                           
0     000825d6  _CLA1_4_ISR                           
0     000825e0  _CLA1_5_ISR                           
0     000825ea  _CLA1_6_ISR                           
0     000825f4  _CLA1_7_ISR                           
0     000825fe  _CLA1_8_ISR                           
0     00082784  _CLA_OVERFLOW_ISR                     
0     0008278e  _CLA_UNDERFLOW_ISR                    
0     00083873  _CalAdcINL                            
1     00048000  _CanaRegs                             
1     0004a000  _CanbRegs                             
1     00001400  _Cla1Regs                             
1     00003200  _Clb1DataExchRegs                     
1     00003000  _Clb1LogicCfgRegs                     
1     00003100  _Clb1LogicCtrlRegs                    
1     00003600  _Clb2DataExchRegs                     
1     00003400  _Clb2LogicCfgRegs                     
1     00003500  _Clb2LogicCtrlRegs                    
1     00003a00  _Clb3DataExchRegs                     
1     00003800  _Clb3LogicCfgRegs                     
1     00003900  _Clb3LogicCtrlRegs                    
1     00003e00  _Clb4DataExchRegs                     
1     00003c00  _Clb4LogicCfgRegs                     
1     00003d00  _Clb4LogicCtrlRegs                    
1     00007a40  _ClbXbarRegs                          
1     0005d200  _ClkCfgRegs                           
1     00005c80  _Cmpss1Regs                           
1     00005ca0  _Cmpss2Regs                           
1     00005cc0  _Cmpss3Regs                           
1     00005ce0  _Cmpss4Regs                           
1     00005d00  _Cmpss5Regs                           
1     00005d20  _Cmpss6Regs                           
1     00005d40  _Cmpss7Regs                           
1     00005d60  _Cmpss8Regs                           
0     00083038  _CondicionaSinal                      
0     000834d6  _ConfiguraADC                         
0     000834df  _ConfiguraADCA                        
0     00083535  _ConfiguraADCB                        
0     00083589  _ConfiguraADCC                        
0     000835dd  _ConfiguraADCD                        
0     000834c6  _ConfiguraDAC                         
0     00083600  _ConfiguraPWM1                        
0     00083640  _ConfiguraPWM2                        
0     00083680  _ConfiguraPWM3                        
0     00082c50  _ConfigureTMXAnalogTrim               
1     0005d300  _CpuSysRegs                           
1     00000c00  _CpuTimer0Regs                        
1     00000c08  _CpuTimer1Regs                        
1     00000c10  _CpuTimer2Regs                        
0     00082b91  _CsmUnlock                            
0     00082248  _DATALOG_ISR                          
0     0008248c  _DMA_CH1_ISR                          
0     00082496  _DMA_CH2_ISR                          
0     000824a0  _DMA_CH3_ISR                          
0     000824aa  _DMA_CH4_ISR                          
0     000824b4  _DMA_CH5_ISR                          
0     000824be  _DMA_CH6_ISR                          
1     00005c00  _DacaRegs                             
1     00005c10  _DacbRegs                             
1     00005c20  _DaccRegs                             
1     0005f070  _DcsmCommonRegs                       
1     0005f000  _DcsmZ1Regs                           
1     0005f040  _DcsmZ2Regs                           
1     0000a82e  _Defasado                             
1     0005d000  _DevCfgRegs                           
0     000828a5  _DisableDog                           
0     00082866  _DisablePeripheralClocks              
1     00007980  _DmaClaSrcSelRegs                     
1     00001000  _DmaRegs                              
0     000823e2  _ECAP1_ISR                            
0     000823ec  _ECAP2_ISR                            
0     000823f6  _ECAP3_ISR                            
0     00082400  _ECAP4_ISR                            
0     0008240a  _ECAP5_ISR                            
0     00082414  _ECAP6_ISR                            
1     00005000  _ECap1Regs                            
1     00005020  _ECap2Regs                            
1     00005040  _ECap3Regs                            
1     00005060  _ECap4Regs                            
1     00005080  _ECap5Regs                            
1     000050a0  _ECap6Regs                            
0     00082748  _EMIF_ERROR_ISR                       
0     000827a2  _EMPTY_ISR                            
0     0008225c  _EMU_ISR                              
0     0008269e  _EPWM10_ISR                           
0     00082676  _EPWM10_TZ_ISR                        
0     000826a8  _EPWM11_ISR                           
0     00082680  _EPWM11_TZ_ISR                        
0     000826b2  _EPWM12_ISR                           
0     0008268a  _EPWM12_TZ_ISR                        
0     00082392  _EPWM1_ISR                            
0     00082342  _EPWM1_TZ_ISR                         
0     0008239c  _EPWM2_ISR                            
0     0008234c  _EPWM2_TZ_ISR                         
0     000823a6  _EPWM3_ISR                            
0     00082356  _EPWM3_TZ_ISR                         
0     000823b0  _EPWM4_ISR                            
0     00082360  _EPWM4_TZ_ISR                         
0     000823ba  _EPWM5_ISR                            
0     0008236a  _EPWM5_TZ_ISR                         
0     000823c4  _EPWM6_ISR                            
0     00082374  _EPWM6_TZ_ISR                         
0     000823ce  _EPWM7_ISR                            
0     0008237e  _EPWM7_TZ_ISR                         
0     000823d8  _EPWM8_ISR                            
0     00082388  _EPWM8_TZ_ISR                         
0     00082694  _EPWM9_ISR                            
0     0008266c  _EPWM9_TZ_ISR                         
1     00004900  _EPwm10Regs                           
1     00004a00  _EPwm11Regs                           
1     00004b00  _EPwm12Regs                           
1     00004000  _EPwm1Regs                            
1     00004100  _EPwm2Regs                            
1     00004200  _EPwm3Regs                            
1     00004300  _EPwm4Regs                            
1     00004400  _EPwm5Regs                            
1     00004500  _EPwm6Regs                            
1     00004600  _EPwm7Regs                            
1     00004700  _EPwm8Regs                            
1     00004800  _EPwm9Regs                            
1     00007a00  _EPwmXbarRegs                         
0     0008241e  _EQEP1_ISR                            
0     00082428  _EQEP2_ISR                            
0     00082432  _EQEP3_ISR                            
1     00005100  _EQep1Regs                            
1     00005140  _EQep2Regs                            
1     00005180  _EQep3Regs                            
1     0005f480  _Emif1ConfigRegs                      
1     00047000  _Emif1Regs                            
1     0005f4a0  _Emif2ConfigRegs                      
1     00047800  _Emif2Regs                            
0     00083b3a  _EnableInterrupts                     
1     0000a8c4  _F                                    
0     00008037  _F28x_usDelay                         
0     0008275c  _FLASH_CORRECTABLE_ERROR_ISR          
0     00082630  _FPU_OVERFLOW_ISR                     
0     0008263a  _FPU_UNDERFLOW_ISR                    
1     0005f800  _Flash0CtrlRegs                       
1     0005fb00  _Flash0EccRegs                        
0     00008029  _FlashOff                             
1     00050024  _FlashPumpSemaphoreRegs               
0     0008347b  _GPIO_EnableUnbondedIOPullups         
0     00083456  _GPIO_EnableUnbondedIOPullupsFor100Pin
0     0008343d  _GPIO_EnableUnbondedIOPullupsFor176Pin
0     00083491  _GPIO_ReadPin                         
0     000833e2  _GPIO_SetupLock                       
0     000832c2  _GPIO_SetupPinMux                     
0     0008334e  _GPIO_SetupPinOptions                 
0     0008340b  _GPIO_SetupXINT1Gpio                  
0     00083415  _GPIO_SetupXINT2Gpio                  
0     0008341f  _GPIO_SetupXINT3Gpio                  
0     00083429  _GPIO_SetupXINT4Gpio                  
0     00083433  _GPIO_SetupXINT5Gpio                  
0     000834a8  _GPIO_WritePin                        
1     00007c00  _GpioCtrlRegs                         
1     00007f00  _GpioDataRegs                         
1     0000a8e2  _H                                    
0     00082c1a  _HALT                                 
0     00082c33  _HIB                                  
0     000824d2  _I2CA_FIFO_ISR                        
0     000824c8  _I2CA_ISR                             
0     000824e6  _I2CB_FIFO_ISR                        
0     000824dc  _I2CB_ISR                             
1     00007300  _I2caRegs                             
1     00007340  _I2cbRegs                             
0     00082c06  _IDLE                                 
0     00082270  _ILLEGAL_ISR                          
0     00082644  _IPC0_ISR                             
0     0008264e  _IPC1_ISR                             
0     00082658  _IPC2_ISR                             
0     00082662  _IPC3_ISR                             
1     0000a8b0  _I_Clarke                             
1     0000a8bc  _I_Park                               
0     00082aa2  _InitAuxPll                           
0     00083783  _InitEPwm10Gpio                       
0     00083796  _InitEPwm11Gpio                       
0     000837aa  _InitEPwm12Gpio                       
0     000836d9  _InitEPwm1Gpio                        
0     000836eb  _InitEPwm2Gpio                        
0     000836fd  _InitEPwm3Gpio                        
0     00083711  _InitEPwm4Gpio                        
0     00083725  _InitEPwm5Gpio                        
0     00083737  _InitEPwm6Gpio                        
0     00083749  _InitEPwm7Gpio                        
0     0008375d  _InitEPwm8Gpio                        
0     00083771  _InitEPwm9Gpio                        
0     000836c0  _InitEPwmGpio                         
0     00008000  _InitFlash                            
0     00083282  _InitGpio                             
0     000827e2  _InitPeripheralClocks                 
0     00083b1b  _InitPieCtrl                          
0     00083b43  _InitPieVectTable                     
0     000827b9  _InitSysCtrl                          
0     000828b3  _InitSysPll                           
1     00007900  _InputXbarRegs                        
1     00050000  _IpcRegs                              
1     0000a8e8  _K                                    
1     0000a878  _K1                                   
1     0000a87a  _K2                                   
1     0000a87c  _K3                                   
1     0000a87e  _K4                                   
1     0000a880  _K5                                   
1     0000a882  _K6                                   
0     0008326a  _LPFilter                             
1     0000a896  _Lg                                   
0     00082464  _MCBSPA_RX_ISR                        
0     0008246e  _MCBSPA_TX_ISR                        
0     00082478  _MCBSPB_RX_ISR                        
0     00082482  _MCBSPB_TX_ISR                        
1     00006000  _McbspaRegs                           
1     00006040  _McbspbRegs                           
1     0005f400  _MemCfgRegs                           
1     0005f500  _MemoryErrorRegs                      
0     00082266  _NMI_ISR                              
0     000827af  _NOTUSED_ISR                          
1     00007060  _NmiIntruptRegs                       
1     0000a80d  _ON_OBSV                              
1     00007a80  _OutputXbarRegs                       
0     00082798  _PIE_RESERVED_ISR                     
1     00000ce0  _PieCtrlRegs                          
1     00000d00  _PieVectTable                         
0     00090000  _PieVectTableInit                     
0     00082766  _RAM_ACCESS_VIOLATION_ISR             
0     00082752  _RAM_CORRECTABLE_ERROR_ISR            
0     00082252  _RTOS_ISR                             
0     0008603b  _RamfuncsLoadEnd                      
abs   0000003b  _RamfuncsLoadSize                     
0     00086000  _RamfuncsLoadStart                    
0     0000803b  _RamfuncsRunEnd                       
abs   0000003b  _RamfuncsRunSize                      
0     00008000  _RamfuncsRunStart                     
0     0008288d  _ReleaseFlashPump                     
1     0005e608  _RomPrefetchRegs                      
1     0005f540  _RomWaitStateRegs                     
0     00082518  _SCIA_RX_ISR                          
0     00082522  _SCIA_TX_ISR                          
0     0008252c  _SCIB_RX_ISR                          
0     00082536  _SCIB_TX_ISR                          
0     000824f0  _SCIC_RX_ISR                          
0     000824fa  _SCIC_TX_ISR                          
0     00082504  _SCID_RX_ISR                          
0     0008250e  _SCID_TX_ISR                          
0     000826bc  _SD1_ISR                              
0     000826c6  _SD2_ISR                              
0     00083ab8  _SM_changeState                       
0     00083ab3  _SM_init                              
0     0008243c  _SPIA_RX_ISR                          
0     00082446  _SPIA_TX_ISR                          
0     00082450  _SPIB_RX_ISR                          
0     0008245a  _SPIB_TX_ISR                          
0     000826d0  _SPIC_RX_ISR                          
0     000826da  _SPIC_TX_ISR                          
0     00082c0f  _STANDBY                              
0     00082770  _SYS_PLL_SLIP_ISR                     
1     00007200  _SciaRegs                             
1     00007210  _ScibRegs                             
1     00007220  _ScicRegs                             
1     00007230  _ScidRegs                             
1     00005e00  _Sdfm1Regs                            
1     00005e80  _Sdfm2Regs                            
0     0008287e  _SeizeFlashPump                       
0     00082897  _ServiceDog                           
1     00006100  _SpiaRegs                             
1     00006110  _SpibRegs                             
1     00006120  _SpicRegs                             
1     00007940  _SyncSocRegs                          
0     00082bb2  _SysIntOsc1Sel                        
0     00082bc2  _SysIntOsc2Sel                        
0     00082bd6  _SysXtalOscSel                        
1     0000a8ee  _TB                                   
0     0008232e  _TIMER0_ISR                           
0     00082234  _TIMER1_ISR                           
0     0008223e  _TIMER2_ISR                           
0     000826e4  _UPPA_ISR                             
0     000826ee  _USBA_ISR                             
0     000822d4  _USER10_ISR                           
0     000822de  _USER11_ISR                           
0     000822e8  _USER12_ISR                           
0     0008227a  _USER1_ISR                            
0     00082284  _USER2_ISR                            
0     0008228e  _USER3_ISR                            
0     00082298  _USER4_ISR                            
0     000822a2  _USER5_ISR                            
0     000822ac  _USER6_ISR                            
0     000822b6  _USER7_ISR                            
0     000822c0  _USER8_ISR                            
0     000822ca  _USER9_ISR                            
1     0000a8b8  _U_Clarke                             
1     000703c0  _UidRegs                              
1     00006200  _UppRegs                              
0     00082626  _VCU_ISR                              
1     0000a8b4  _V_Clarke                             
1     0000a8c0  _V_Park                               
1     0000a89c  _V_linha_SOGI                         
1     0000a834  _Vdc_Ref                              
1     0000a832  _Vdc_U                                
1     0000a898  _Vg_est                               
0     00082338  _WAKE_ISR                             
1     00007000  _WdRegs                               
0     00082310  _XINT1_ISR                            
0     0008231a  _XINT2_ISR                            
0     00082608  _XINT3_ISR                            
0     00082612  _XINT4_ISR                            
0     0008261c  _XINT5_ISR                            
1     00007920  _XbarRegs                             
1     00007070  _XintRegs                             
1     00000600  __STACK_END                           
abs   00000200  __STACK_SIZE                          
0     00000000  __TI_MEMRANGE_CRC__ccs_flash_checksum 
1     0000a8f6  ___TI_cleanup_ptr                     
1     0000a8f8  ___TI_dtors_ptr                       
1     0000a8f4  ___TI_enable_exit_profile_output      
abs   ffffffff  ___TI_pprof_out_hndl                  
abs   ffffffff  ___TI_prof_data_size                  
abs   ffffffff  ___TI_prof_data_start                 
abs   ffffffff  ___binit__                            
abs   ffffffff  ___c_args__                           
0     00082000  ___cinit__                            
abs   ffffffff  ___etext__                            
abs   ffffffff  ___pinit__                            
abs   ffffffff  ___text__                             
0     00083baa  __args_main                           
1     0000a8fa  __lock                                
0     00083bc4  __nop                                 
0     00083bc0  __register_lock                       
0     00083bbc  __register_unlock                     
1     00000400  __stack                               
0     00083bcf  __system_post_cinit                   
0     00083bcd  __system_pre_init                     
1     0000a8fc  __unlock                              
0     00083af2  _abort                                
0     00082c6d  _adca1_isr                            
1     0000a84c  _after_wn2                            
1     0000a84e  _after_xi                             
1     0000a8a4  _angulo                               
1     0000a80e  _angulo_saida                         
0     00083a5d  _c_int00                              
0     00000000  _ccs_flash_checksum                   
0     00083047  _clarkeTransform                      
0     00083185  _convertSine2PWM                      
0     00083b69  _copy_in                              
0     0008399b  _cos                                  
1     0000a8d6  _cos_angulo                           
0     0008399b  _cosf                                 
0     000831f2  _currentControl                       
0     0008319b  _dcVoltageControl                     
1     0000a80f  _dcbus                                
1     0000a892  _dig                                  
1     0000a890  _display_Vg_est                       
1     0000a88c  _display_ig                           
1     0000a88e  _display_ig_ref                       
1     0000a884  _display_itA                          
1     0000a886  _display_itA_hat                      
1     0000a888  _display_vcf                          
1     0000a88a  _display_vcf_hat                      
1     0000a850  _element1                             
1     0000a852  _element2                             
1     0000a854  _element3                             
1     0000a856  _element4                             
1     0000a858  _element5                             
1     0000a85a  _element6                             
1     0000a810  _erro                                 
1     0000a842  _error                                
1     0000a846  _error_after_sum                      
0     00083126  _executePLL                           
0     00083af4  _exit                                 
1     0000a838  _id_ref                               
1     0000a812  _igA                                  
1     0000a814  _igB                                  
1     0000a816  _igC                                  
1     0000a894  _ig_anterior                          
1     0000a872  _ig_final                             
1     0000a83e  _ig_ref                               
1     0000a840  _ig_ref_ampli                         
1     0000a8dc  _int_id                               
1     0000a8de  _int_iq                               
1     0000a8da  _int_srf                              
1     0000a8e0  _int_vdc                              
1     0000a84a  _inte2_error_after_sum                
1     0000a8a0  _inte_a_SOGI                          
1     0000a844  _inte_error                           
1     0000a848  _inte_error_after_sum                 
0     000830af  _inverseClarkeTransform               
0     000830e2  _inverseParkTransform                 
1     0000a836  _iq_ref                               
1     0000a81e  _itA                                  
1     0000a820  _itB                                  
1     0000a822  _itC                                  
1     0000a86e  _it_final                             
1     0000a874  _m                                    
1     0000a876  _m_PWM                                
0     000839fe  _main                                 
0     00083b8d  _memcpy                               
1     0000a8a2  _omega                                
0     00083075  _parkTransform                        
0     00083251  _pwmConvert                           
1     0000a89e  _qV_linha_SOGI                        
1     0000a800  _sensorA                              
1     0000a801  _sensorB                              
1     0000a802  _sensorC                              
1     0000a803  _sensorD                              
1     0000a804  _sensorE                              
1     0000a805  _sensorF                              
1     0000a806  _sensorG                              
1     0000a807  _sensorH                              
1     0000a808  _sensorI                              
1     0000a809  _sensorJ                              
1     0000a80a  _sensorK                              
1     0000a80b  _sensorL                              
1     0000a80c  _sensorM                              
0     00083935  _sin                                  
1     0000a8d8  _sin_angulo                           
0     00083935  _sinf                                 
1     0000a8ac  _stateMachine                         
1     0000a8a6  _ua                                   
1     0000a8a8  _ub                                   
1     0000a8aa  _uc                                   
1     0000a83c  _ud_ref                               
1     0000a83a  _uq_ref                               
1     0000a818  _vcapA                                
1     0000a81a  _vcapB                                
1     0000a81c  _vcapC                                
1     0000a870  _vcf_final                            
1     0000a82a  _vdc                                  
1     0000a82c  _vdcAnterior                          
1     0000a830  _vdc_filter                           
1     0000a824  _vpacA                                
1     0000a826  _vpacB                                
1     0000a828  _vpacC                                
1     0000a868  _x1_est                               
1     0000a86a  _x2_est                               
1     0000a86c  _x3_est                               
1     0000a85c  _z1                                   
1     0000a862  _z1_dot                               
1     0000a85e  _z2                                   
1     0000a864  _z2_dot                               
1     0000a860  _z3                                   
1     0000a866  _z3_dot                               
1     0000a89a  _z_SOGI                               
abs   ffffffff  binit                                 
0     00082000  cinit                                 
0     00080000  code_start                            
abs   ffffffff  etext                                 
abs   ffffffff  pinit                                 


GLOBAL SYMBOLS: SORTED BY Symbol Address 

page  address   name                                  
----  -------   ----                                  
0     00000000  __TI_MEMRANGE_CRC__ccs_flash_checksum 
0     00000000  _ccs_flash_checksum                   
0     00008000  _InitFlash                            
0     00008000  _RamfuncsRunStart                     
0     00008029  _FlashOff                             
0     00008037  _F28x_usDelay                         
0     0000803b  _RamfuncsRunEnd                       
0     00080000  code_start                            
0     00082000  ___cinit__                            
0     00082000  cinit                                 
0     00082234  _TIMER1_ISR                           
0     0008223e  _TIMER2_ISR                           
0     00082248  _DATALOG_ISR                          
0     00082252  _RTOS_ISR                             
0     0008225c  _EMU_ISR                              
0     00082266  _NMI_ISR                              
0     00082270  _ILLEGAL_ISR                          
0     0008227a  _USER1_ISR                            
0     00082284  _USER2_ISR                            
0     0008228e  _USER3_ISR                            
0     00082298  _USER4_ISR                            
0     000822a2  _USER5_ISR                            
0     000822ac  _USER6_ISR                            
0     000822b6  _USER7_ISR                            
0     000822c0  _USER8_ISR                            
0     000822ca  _USER9_ISR                            
0     000822d4  _USER10_ISR                           
0     000822de  _USER11_ISR                           
0     000822e8  _USER12_ISR                           
0     000822f2  _ADCA1_ISR                            
0     000822fc  _ADCB1_ISR                            
0     00082306  _ADCC1_ISR                            
0     00082310  _XINT1_ISR                            
0     0008231a  _XINT2_ISR                            
0     00082324  _ADCD1_ISR                            
0     0008232e  _TIMER0_ISR                           
0     00082338  _WAKE_ISR                             
0     00082342  _EPWM1_TZ_ISR                         
0     0008234c  _EPWM2_TZ_ISR                         
0     00082356  _EPWM3_TZ_ISR                         
0     00082360  _EPWM4_TZ_ISR                         
0     0008236a  _EPWM5_TZ_ISR                         
0     00082374  _EPWM6_TZ_ISR                         
0     0008237e  _EPWM7_TZ_ISR                         
0     00082388  _EPWM8_TZ_ISR                         
0     00082392  _EPWM1_ISR                            
0     0008239c  _EPWM2_ISR                            
0     000823a6  _EPWM3_ISR                            
0     000823b0  _EPWM4_ISR                            
[...]
0     0008272a  _ADCD2_ISR                            
0     00082734  _ADCD3_ISR                            
0     0008273e  _ADCD4_ISR                            
0     00082748  _EMIF_ERROR_ISR                       
0     00082752  _RAM_CORRECTABLE_ERROR_ISR            
0     0008275c  _FLASH_CORRECTABLE_ERROR_ISR          
0     00082766  _RAM_ACCESS_VIOLATION_ISR             
0     00082770  _SYS_PLL_SLIP_ISR                     
0     0008277a  _AUX_PLL_SLIP_ISR                     
0     00082784  _CLA_OVERFLOW_ISR                     
0     0008278e  _CLA_UNDERFLOW_ISR                    
0     00082798  _PIE_RESERVED_ISR                     
0     000827a2  _EMPTY_ISR                            
0     000827af  _NOTUSED_ISR                          
0     000827b9  _InitSysCtrl                          
0     000827e2  _InitPeripheralClocks                 
0     00082866  _DisablePeripheralClocks              
0     0008287e  _SeizeFlashPump                       
0     0008288d  _ReleaseFlashPump                     
0     00082897  _ServiceDog                           
0     000828a5  _DisableDog                           
0     000828b3  _InitSysPll                           
0     00082aa2  _InitAuxPll                           
0     00082b91  _CsmUnlock                            
0     00082bb2  _SysIntOsc1Sel                        
0     00082bc2  _SysIntOsc2Sel                        
0     00082bd6  _SysXtalOscSel                        
0     00082be6  _AuxIntOsc2Sel                        
0     00082bf0  _AuxXtalOscSel                        
0     00082bfc  _AuxAuxClkSel                         
0     00082c06  _IDLE                                 
0     00082c0f  _STANDBY                              
0     00082c1a  _HALT                                 
0     00082c33  _HIB                                  
0     00082c50  _ConfigureTMXAnalogTrim               
0     00082c6d  _adca1_isr                            
0     00083038  _CondicionaSinal                      
0     00083047  _clarkeTransform                      
0     00083075  _parkTransform                        
0     000830af  _inverseClarkeTransform               
0     000830e2  _inverseParkTransform                 
0     00083126  _executePLL                           
0     00083185  _convertSine2PWM                      
0     0008319b  _dcVoltageControl                     
0     000831f2  _currentControl                       
0     00083251  _pwmConvert                           
0     0008326a  _LPFilter                             
0     00083282  _InitGpio                             
0     000832c2  _GPIO_SetupPinMux                     
0     0008334e  _GPIO_SetupPinOptions                 
0     000833e2  _GPIO_SetupLock                       
0     0008340b  _GPIO_SetupXINT1Gpio                  
0     00083415  _GPIO_SetupXINT2Gpio                  
0     0008341f  _GPIO_SetupXINT3Gpio                  
0     00083429  _GPIO_SetupXINT4Gpio                  
0     00083433  _GPIO_SetupXINT5Gpio                  
0     0008343d  _GPIO_EnableUnbondedIOPullupsFor176Pin
0     00083456  _GPIO_EnableUnbondedIOPullupsFor100Pin
0     0008347b  _GPIO_EnableUnbondedIOPullups         
0     00083491  _GPIO_ReadPin                         
0     000834a8  _GPIO_WritePin                        
0     000834c6  _ConfiguraDAC                         
0     000834d6  _ConfiguraADC                         
0     000834df  _ConfiguraADCA                        
0     00083535  _ConfiguraADCB                        
0     00083589  _ConfiguraADCC                        
0     000835dd  _ConfiguraADCD                        
0     00083600  _ConfiguraPWM1                        
0     00083640  _ConfiguraPWM2                        
0     00083680  _ConfiguraPWM3                        
0     000836c0  _InitEPwmGpio                         
0     000836d9  _InitEPwm1Gpio                        
0     000836eb  _InitEPwm2Gpio                        
0     000836fd  _InitEPwm3Gpio                        
0     00083711  _InitEPwm4Gpio                        
0     00083725  _InitEPwm5Gpio                        
0     00083737  _InitEPwm6Gpio                        
0     00083749  _InitEPwm7Gpio                        
0     0008375d  _InitEPwm8Gpio                        
0     00083771  _InitEPwm9Gpio                        
0     00083783  _InitEPwm10Gpio                       
0     00083796  _InitEPwm11Gpio                       
0     000837aa  _InitEPwm12Gpio                       
0     000837bd  _AdcSetMode                           
0     00083873  _CalAdcINL                            
0     000838ad  FS$$DIV                               
0     00083935  _sin                                  
0     00083935  _sinf                                 
0     0008399b  _cos                                  
0     0008399b  _cosf                                 
0     000839fe  _main                                 
0     00083a3b  _App_transPLL2SHUNT                   
0     00083a40  _App_transSHUNT2BYPASS                
0     00083a45  _App_transBYPASS2DCBUS                
0     00083a4c  _App_transDCBUS2WORKING               
0     00083a51  _App_transAnyToError                  
0     00083a5d  _c_int00                              
0     00083ab3  _SM_init                              
0     00083ab8  _SM_changeState                       
0     00083af2  C$$EXIT                               
0     00083af2  _abort                                
0     00083af4  _exit                                 
0     00083b1b  _InitPieCtrl                          
0     00083b3a  _EnableInterrupts                     
0     00083b43  _InitPieVectTable                     
0     00083b69  _copy_in                              
0     00083b8d  _memcpy                               
0     00083baa  __args_main                           
0     00083bbc  __register_unlock                     
0     00083bc0  __register_lock                       
0     00083bc4  __nop                                 
0     00083bcd  __system_pre_init                     
0     00083bcf  __system_post_cinit                   
0     00086000  _RamfuncsLoadStart                    
0     0008603b  _RamfuncsLoadEnd                      
0     00090000  _PieVectTableInit                     
1     00000400  __stack                               
1     00000600  __STACK_END                           
1     00000b00  _AdcaResultRegs                       
1     00000b20  _AdcbResultRegs                       
1     00000b40  _AdccResultRegs                       
1     00000b60  _AdcdResultRegs                       
1     00000c00  _CpuTimer0Regs                        
1     00000c08  _CpuTimer1Regs                        
1     00000c10  _CpuTimer2Regs                        
1     00000ce0  _PieCtrlRegs                          
1     00000d00  _PieVectTable                         
1     00001000  _DmaRegs                              
1     00001400  _Cla1Regs                             
1     00003000  _Clb1LogicCfgRegs                     
1     00003100  _Clb1LogicCtrlRegs                    
1     00003200  _Clb1DataExchRegs                     
1     00003400  _Clb2LogicCfgRegs                     
1     00003500  _Clb2LogicCtrlRegs                    
1     00003600  _Clb2DataExchRegs                     
1     00003800  _Clb3LogicCfgRegs                     
1     00003900  _Clb3LogicCtrlRegs                    
1     00003a00  _Clb3DataExchRegs                     
1     00003c00  _Clb4LogicCfgRegs                     
1     00003d00  _Clb4LogicCtrlRegs                    
1     00003e00  _Clb4DataExchRegs                     
1     00004000  _EPwm1Regs                            
1     00004100  _EPwm2Regs                            
1     00004200  _EPwm3Regs                            
1     00004300  _EPwm4Regs                            
1     00004400  _EPwm5Regs                            
1     00004500  _EPwm6Regs                            
1     00004600  _EPwm7Regs                            
1     00004700  _EPwm8Regs                            
1     00004800  _EPwm9Regs                            
1     00004900  _EPwm10Regs                           
1     00004a00  _EPwm11Regs                           
1     00004b00  _EPwm12Regs                           
1     00005000  _ECap1Regs                            
1     00005020  _ECap2Regs                            
1     00005040  _ECap3Regs                            
1     00005060  _ECap4Regs                            
1     00005080  _ECap5Regs                            
1     000050a0  _ECap6Regs                            
1     00005100  _EQep1Regs                            
1     00005140  _EQep2Regs                            
1     00005180  _EQep3Regs                            
1     00005c00  _DacaRegs                             
1     00005c10  _DacbRegs                             
1     00005c20  _DaccRegs                             
1     00005c80  _Cmpss1Regs                           
1     00005ca0  _Cmpss2Regs                           
1     00005cc0  _Cmpss3Regs                           
1     00005ce0  _Cmpss4Regs                           
1     00005d00  _Cmpss5Regs                           
1     00005d20  _Cmpss6Regs                           
1     00005d40  _Cmpss7Regs                           
1     00005d60  _Cmpss8Regs                           
1     00005e00  _Sdfm1Regs                            
1     00005e80  _Sdfm2Regs                            
1     00006000  _McbspaRegs                           
1     00006040  _McbspbRegs                           
1     00006100  _SpiaRegs                             
1     00006110  _SpibRegs                             
1     00006120  _SpicRegs                             
1     00006200  _UppRegs                              
1     00007000  _WdRegs                               
1     00007060  _NmiIntruptRegs                       
1     00007070  _XintRegs                             
1     00007200  _SciaRegs                             
1     00007210  _ScibRegs                             
1     00007220  _ScicRegs                             
1     00007230  _ScidRegs                             
1     00007300  _I2caRegs                             
1     00007340  _I2cbRegs                             
1     00007400  _AdcaRegs                             
1     00007480  _AdcbRegs                             
1     00007500  _AdccRegs                             
1     00007580  _AdcdRegs                             
1     00007900  _InputXbarRegs                        
1     00007920  _XbarRegs                             
1     00007940  _SyncSocRegs                          
1     00007980  _DmaClaSrcSelRegs                     
1     00007a00  _EPwmXbarRegs                         
1     00007a40  _ClbXbarRegs                          
1     00007a80  _OutputXbarRegs                       
1     00007c00  _GpioCtrlRegs                         
1     00007f00  _GpioDataRegs                         
1     0000a800  _sensorA                              
1     0000a801  _sensorB                              
1     0000a802  _sensorC                              
1     0000a803  _sensorD                              
1     0000a804  _sensorE                              
1     0000a805  _sensorF                              
1     0000a806  _sensorG                              
1     0000a807  _sensorH                              
1     0000a808  _sensorI                              
1     0000a809  _sensorJ                              
1     0000a80a  _sensorK                              
1     0000a80b  _sensorL                              
1     0000a80c  _sensorM                              
1     0000a80d  _ON_OBSV                              
1     0000a80e  _angulo_saida                         
1     0000a80f  _dcbus                                
1     0000a810  _erro                                 
1     0000a812  _igA                                  
1     0000a814  _igB                                  
1     0000a816  _igC                                  
1     0000a818  _vcapA                                
1     0000a81a  _vcapB                                
1     0000a81c  _vcapC                                
1     0000a81e  _itA                                  
1     0000a820  _itB                                  
1     0000a822  _itC                                  
1     0000a824  _vpacA                                
1     0000a826  _vpacB                                
1     0000a828  _vpacC                                
1     0000a82a  _vdc                                  
1     0000a82c  _vdcAnterior                          
1     0000a82e  _Defasado                             
1     0000a830  _vdc_filter                           
1     0000a832  _Vdc_U                                
1     0000a834  _Vdc_Ref                              
1     0000a836  _iq_ref                               
1     0000a838  _id_ref                               
1     0000a83a  _uq_ref                               
1     0000a83c  _ud_ref                               
1     0000a83e  _ig_ref                               
1     0000a840  _ig_ref_ampli                         
1     0000a842  _error                                
1     0000a844  _inte_error                           
1     0000a846  _error_after_sum                      
1     0000a848  _inte_error_after_sum                 
1     0000a84a  _inte2_error_after_sum                
1     0000a84c  _after_wn2                            
1     0000a84e  _after_xi                             
1     0000a850  _element1                             
1     0000a852  _element2                             
1     0000a854  _element3                             
1     0000a856  _element4                             
1     0000a858  _element5                             
1     0000a85a  _element6                             
1     0000a85c  _z1                                   
1     0000a85e  _z2                                   
1     0000a860  _z3                                   
1     0000a862  _z1_dot                               
1     0000a864  _z2_dot                               
1     0000a866  _z3_dot                               
1     0000a868  _x1_est                               
1     0000a86a  _x2_est                               
1     0000a86c  _x3_est                               
1     0000a86e  _it_final                             
1     0000a870  _vcf_final                            
1     0000a872  _ig_final                             
1     0000a874  _m                                    
1     0000a876  _m_PWM                                
1     0000a878  _K1                                   
1     0000a87a  _K2                                   
1     0000a87c  _K3                                   
1     0000a87e  _K4                                   
1     0000a880  _K5                                   
1     0000a882  _K6                                   
1     0000a884  _display_itA                          
1     0000a886  _display_itA_hat                      
1     0000a888  _display_vcf                          
1     0000a88a  _display_vcf_hat                      
1     0000a88c  _display_ig                           
1     0000a88e  _display_ig_ref                       
1     0000a890  _display_Vg_est                       
1     0000a892  _dig                                  
1     0000a894  _ig_anterior                          
1     0000a896  _Lg                                   
1     0000a898  _Vg_est                               
1     0000a89a  _z_SOGI                               
1     0000a89c  _V_linha_SOGI                         
1     0000a89e  _qV_linha_SOGI                        
1     0000a8a0  _inte_a_SOGI                          
1     0000a8a2  _omega                                
1     0000a8a4  _angulo                               
1     0000a8a6  _ua                                   
1     0000a8a8  _ub                                   
1     0000a8aa  _uc                                   
1     0000a8ac  _stateMachine                         
1     0000a8b0  _I_Clarke                             
1     0000a8b4  _V_Clarke                             
1     0000a8b8  _U_Clarke                             
1     0000a8bc  _I_Park                               
1     0000a8c0  _V_Park                               
1     0000a8c4  _F                                    
1     0000a8d6  _cos_angulo                           
1     0000a8d8  _sin_angulo                           
1     0000a8da  _int_srf                              
1     0000a8dc  _int_id                               
1     0000a8de  _int_iq                               
1     0000a8e0  _int_vdc                              
1     0000a8e2  _H                                    
1     0000a8e8  _K                                    
1     0000a8ee  _TB                                   
1     0000a8f4  ___TI_enable_exit_profile_output      
1     0000a8f6  ___TI_cleanup_ptr                     
1     0000a8f8  ___TI_dtors_ptr                       
1     0000a8fa  __lock                                
1     0000a8fc  __unlock                              
1     00047000  _Emif1Regs                            
1     00047800  _Emif2Regs                            
1     00048000  _CanaRegs                             
1     0004a000  _CanbRegs                             
1     00050000  _IpcRegs                              
1     00050024  _FlashPumpSemaphoreRegs               
1     0005d000  _DevCfgRegs                           
1     0005d180  _AnalogSubsysRegs                     
1     0005d200  _ClkCfgRegs                           
1     0005d300  _CpuSysRegs                           
1     0005e608  _RomPrefetchRegs                      
1     0005f000  _DcsmZ1Regs                           
1     0005f040  _DcsmZ2Regs                           
1     0005f070  _DcsmCommonRegs                       
1     0005f400  _MemCfgRegs                           
1     0005f480  _Emif1ConfigRegs                      
1     0005f4a0  _Emif2ConfigRegs                      
1     0005f4c0  _AccessProtectionRegs                 
1     0005f500  _MemoryErrorRegs                      
1     0005f540  _RomWaitStateRegs                     
1     0005f800  _Flash0CtrlRegs                       
1     0005fb00  _Flash0EccRegs                        
1     000703c0  _UidRegs                              
abs   0000003b  _RamfuncsLoadSize                     
abs   0000003b  _RamfuncsRunSize                      
abs   00000200  __STACK_SIZE                          
abs   ffffffff  .text                                 
abs   ffffffff  ___TI_pprof_out_hndl                  
abs   ffffffff  ___TI_prof_data_size                  
abs   ffffffff  ___TI_prof_data_start                 
abs   ffffffff  ___binit__                            
abs   ffffffff  ___c_args__                           
abs   ffffffff  ___etext__                            
abs   ffffffff  ___pinit__                            
abs   ffffffff  ___text__                             
abs   ffffffff  binit                                 
abs   ffffffff  etext                                 
abs   ffffffff  pinit                                 

[493 symbols]
